[2026-03-08 13:43:01] === MERGE HISTORICAL DATA v2 - START ===
[2026-03-08 13:43:01] Consolidating DudesData 2020-2025 with type conversion
[2026-03-08 13:43:01] 
=== LOADING SOURCE DATA ===
[2026-03-08 13:43:01] 
=== MERGING DATABASES ===
[2026-03-08 13:43:01] --- Processing ffa_db.rds ---
[2026-03-08 13:43:01] Loading ffa_db.rds from year 2020...
[2026-03-08 13:43:01]   ✓ Loaded 5 tables from 2020
[2026-03-08 13:43:01] Loading ffa_db.rds from year 2021...
[2026-03-08 13:43:01]   ✓ Loaded 5 tables from 2021
[2026-03-08 13:43:01] Loading ffa_db.rds from year 2022...
[2026-03-08 13:43:02]   ✓ Loaded 5 tables from 2022
[2026-03-08 13:43:02] Loading ffa_db.rds from year 2023-25...
[2026-03-08 13:43:03]   ✓ Loaded 5 tables from 2023-25
[2026-03-08 13:43:03] Tables to merge: ffa_scrape, ffa_player_ids, ffa_players, ffa_projtable, ffa_proj_source_points
[2026-03-08 13:43:03]   Merging table: ffa_scrape
[2026-03-08 13:43:03]     Rows before merge: 123 (16, 1, 34, 72)
[2026-03-08 13:43:03]     Harmonizing column types...
[2026-03-08 13:43:03]     Deduplicated using: season, week, timestamp
[2026-03-08 13:43:03]     Rows after merge: 123
[2026-03-08 13:43:03]   Validating ffa_scrape...
[2026-03-08 13:43:03]     Seasons: 2020, 2021, 2022, 2023, 2024, 2025
[2026-03-08 13:43:03]     Week coverage by season:
[2026-03-08 13:43:03]       2020: weeks 1-9
[2026-03-08 13:43:03]       2021: weeks 1-1
[2026-03-08 13:43:03]       2022: weeks 1-9
[2026-03-08 13:43:03]       2023: weeks 1-9
[2026-03-08 13:43:03]       2024: weeks 10-9
[2026-03-08 13:43:03]       2025: weeks 0-9
[2026-03-08 13:43:03]     ✓ Validation passed
[2026-03-08 13:43:03]   Merging table: ffa_player_ids
[2026-03-08 13:43:03]     Rows before merge: 8070 (930, 967, 778, 5395)
[2026-03-08 13:43:03]     Harmonizing column types...
[2026-03-08 13:43:03]     Deduplicated using: id
[2026-03-08 13:43:03]     Rows after merge: 5429
[2026-03-08 13:43:03]     Duplicates removed: 2641
[2026-03-08 13:43:03]   Validating ffa_player_ids...
[2026-03-08 13:43:03]     ✓ Validation passed
[2026-03-08 13:43:03]   Merging table: ffa_players
[2026-03-08 13:43:03]     Rows before merge: 3824 (944, 981, 871, 1028)
[2026-03-08 13:43:03]     Harmonizing column types...
[2026-03-08 13:43:03]     Deduplicated using: id
[2026-03-08 13:43:03]     Rows after merge: 1689
[2026-03-08 13:43:03]     Duplicates removed: 2135
[2026-03-08 13:43:03]   Validating ffa_players...
[2026-03-08 13:43:03]     ⚠ id: 1 NAs
[2026-03-08 13:43:03]   Merging table: ffa_projtable
[2026-03-08 13:43:03]     Rows before merge: 190844 (43428, 2943, 30861, 113612)
[2026-03-08 13:43:03]     Harmonizing column types...
[2026-03-08 13:43:04]     Deduplicated using: season, week, id, timestamp
[2026-03-08 13:43:04]     Rows after merge: 63622
[2026-03-08 13:43:04]     Duplicates removed: 127222
[2026-03-08 13:43:04]   Validating ffa_projtable...
[2026-03-08 13:43:04]     Seasons: 2020, 2021, 2022, 2023, 2024, 2025
[2026-03-08 13:43:04]     Week coverage by season:
[2026-03-08 13:43:04]       2020: weeks 1-9
[2026-03-08 13:43:04]       2021: weeks 1-1
[2026-03-08 13:43:04]       2022: weeks 1-9
[2026-03-08 13:43:04]       2023: weeks 1-9
[2026-03-08 13:43:04]       2024: weeks 10-9
[2026-03-08 13:43:04]       2025: weeks 0-9
[2026-03-08 13:43:04]     ⚠ id: 17 NAs
[2026-03-08 13:43:04]   Merging table: ffa_proj_source_points
[2026-03-08 13:43:04]     Rows before merge: 304920 (50436, 3760, 53899, 196825)
[2026-03-08 13:43:04]     Harmonizing column types...
[2026-03-08 13:43:04]     Deduplicated using: season, week, id, timestamp
[2026-03-08 13:43:04]     Rows after merge: 63637
[2026-03-08 13:43:04]     Duplicates removed: 241283
[2026-03-08 13:43:04]   Validating ffa_proj_source_points...
[2026-03-08 13:43:04]     Seasons: 2020, 2021, 2022, 2023, 2024, 2025
[2026-03-08 13:43:04]     Week coverage by season:
[2026-03-08 13:43:04]       2020: weeks 1-9
[2026-03-08 13:43:04]       2021: weeks 1-1
[2026-03-08 13:43:04]       2022: weeks 1-9
[2026-03-08 13:43:04]       2023: weeks 1-9
[2026-03-08 13:43:04]       2024: weeks 10-9
[2026-03-08 13:43:04]       2025: weeks 0-9
[2026-03-08 13:43:04]     ⚠ id: 17 NAs
[2026-03-08 13:43:04] Creating dm object for ffa_db.rds...
[2026-03-08 13:43:07] ✓ Saved dataset/ffa_db.rds
[2026-03-08 13:43:07]   File size: 9.67 MB
[2026-03-08 13:43:07] --- Processing nfl_teams_db.rds ---
[2026-03-08 13:43:07] Loading nfl_teams_db.rds from year 2020...
[2026-03-08 13:43:07]   ✓ Loaded 2 tables from 2020
[2026-03-08 13:43:07] Loading nfl_teams_db.rds from year 2021...
[2026-03-08 13:43:07]   ✓ Loaded 2 tables from 2021
[2026-03-08 13:43:07] Loading nfl_teams_db.rds from year 2022...
[2026-03-08 13:43:07]   ✓ Loaded 2 tables from 2022
[2026-03-08 13:43:07] Loading nfl_teams_db.rds from year 2023-25...
[2026-03-08 13:43:07]   ✓ Loaded 2 tables from 2023-25
[2026-03-08 13:43:07] Tables to merge: nfl_teams, nfl_owners
[2026-03-08 13:43:07]   Merging table: nfl_teams
[2026-03-08 13:43:07]     Rows before merge: 44 (14, 14, 16)
[2026-03-08 13:43:07]     Harmonizing column types...
[2026-03-08 13:43:07]     Deduplicated using: teamId
[2026-03-08 13:43:07]     Rows after merge: 16
[2026-03-08 13:43:07]     Duplicates removed: 28
[2026-03-08 13:43:07]   Validating nfl_teams...
[2026-03-08 13:43:07]     ✓ Validation passed
[2026-03-08 13:43:07]   Merging table: nfl_owners
[2026-03-08 13:43:07]     Rows before merge: 44 (14, 14, 16)
[2026-03-08 13:43:07]     Harmonizing column types...
[2026-03-08 13:43:07]     Rows after merge: 44
[2026-03-08 13:43:07]   Validating nfl_owners...
[2026-03-08 13:43:07]     ✓ Validation passed
[2026-03-08 13:43:07] Creating dm object for nfl_teams_db.rds...
[2026-03-08 13:43:07] ✓ Saved dataset/nfl_teams_db.rds
[2026-03-08 13:43:07]   File size: 0 MB
[2026-03-08 13:43:07] --- Processing nfl_players_db.rds ---
[2026-03-08 13:43:07] Loading nfl_players_db.rds from year 2020...
[2026-03-08 13:43:07]   ✓ Loaded 2 tables from 2020
[2026-03-08 13:43:07] Loading nfl_players_db.rds from year 2021...
[2026-03-08 13:43:07]   ✓ Loaded 2 tables from 2021
[2026-03-08 13:43:07] Loading nfl_players_db.rds from year 2022...
[2026-03-08 13:43:07]   ✓ Loaded 2 tables from 2022
[2026-03-08 13:43:07] Loading nfl_players_db.rds from year 2023-25...
[2026-03-08 13:43:07]   ✓ Loaded 2 tables from 2023-25
[2026-03-08 13:43:07] Tables to merge: nfl_players, nfl_player_injury_status
[2026-03-08 13:43:07]   Merging table: nfl_players
[2026-03-08 13:43:07]     Rows before merge: 4735 (1126, 1035, 957, 1617)
[2026-03-08 13:43:07]     Harmonizing column types...
[2026-03-08 13:43:07]     Deduplicated using: playerId
[2026-03-08 13:43:07]     Rows after merge: 2309
[2026-03-08 13:43:07]     Duplicates removed: 2426
[2026-03-08 13:43:07]   Validating nfl_players...
[2026-03-08 13:43:07]     ✓ Validation passed
[2026-03-08 13:43:07]   Merging table: nfl_player_injury_status
[2026-03-08 13:43:07]     Rows before merge: 120052 (17892, 17471, 16125, 68564)
[2026-03-08 13:43:07]     Harmonizing column types...
[2026-03-08 13:43:07]     Deduplicated using: playerId, timestamp
[2026-03-08 13:43:07]     Rows after merge: 120052
[2026-03-08 13:43:07]   Validating nfl_player_injury_status...
[2026-03-08 13:43:07]     ✓ Validation passed
[2026-03-08 13:43:07] Creating dm object for nfl_players_db.rds...
[2026-03-08 13:43:07] ✓ Saved dataset/nfl_players_db.rds
[2026-03-08 13:43:07]   File size: 0.26 MB
[2026-03-08 13:43:07] --- Processing nfl_stats_db.rds ---
[2026-03-08 13:43:07] Loading nfl_stats_db.rds from year 2020...
[2026-03-08 13:43:07]   ✓ Loaded 4 tables from 2020
[2026-03-08 13:43:07] Loading nfl_stats_db.rds from year 2021...
[2026-03-08 13:43:07]   ✓ Loaded 4 tables from 2021
[2026-03-08 13:43:07] Loading nfl_stats_db.rds from year 2022...
[2026-03-08 13:43:07]   ✓ Loaded 4 tables from 2022
[2026-03-08 13:43:07] Loading nfl_stats_db.rds from year 2023-25...
[2026-03-08 13:43:07]   ✓ Loaded 4 tables from 2023-25
[2026-03-08 13:43:07] Tables to merge: nfl_stat_dictionary, nfl_players_points, nfl_players_stats, nfl_players_adv_stats
[2026-03-08 13:43:07]   Merging table: nfl_stat_dictionary
[2026-03-08 13:43:07]     Rows before merge: 318 (81, 63, 79, 95)
[2026-03-08 13:43:07]     Harmonizing column types...
[2026-03-08 13:43:07]     Deduplicated using: statId
[2026-03-08 13:43:07]     Rows after merge: 95
[2026-03-08 13:43:07]     Duplicates removed: 223
[2026-03-08 13:43:07]   Validating nfl_stat_dictionary...
[2026-03-08 13:43:07]     ✓ Validation passed
[2026-03-08 13:43:07]   Merging table: nfl_players_points
[2026-03-08 13:43:07]     Rows before merge: 81199 (14416, 15453, 14824, 36506)
[2026-03-08 13:43:07]     Harmonizing column types...
[2026-03-08 13:43:08]     Deduplicated using: season, week, playerId
[2026-03-08 13:43:08]     Rows after merge: 68757
[2026-03-08 13:43:08]     Duplicates removed: 12442
[2026-03-08 13:43:08]   Validating nfl_players_points...
[2026-03-08 13:43:08]     Seasons: 2019, 2020, 2021, 2022, 2023, 2024, 2025
[2026-03-08 13:43:08]     Week coverage by season:
[2026-03-08 13:43:08]       2019: weeks 0-17
[2026-03-08 13:43:08]       2020: weeks 0-17
[2026-03-08 13:43:08]       2021: weeks 0-17
[2026-03-08 13:43:08]       2022: weeks 0-17
[2026-03-08 13:43:08]       2023: weeks 0-17
[2026-03-08 13:43:08]       2024: weeks 0-17
[2026-03-08 13:43:08]       2025: weeks 0-17
[2026-03-08 13:43:08]     ✓ Validation passed
[2026-03-08 13:43:08]   Merging table: nfl_players_stats
[2026-03-08 13:43:08]     Rows before merge: 1239127 (450240, 34000, 531284, 223603)
[2026-03-08 13:43:08]     Harmonizing column types...
[2026-03-08 13:43:08]     Deduplicated using: season, week, playerId, statId
[2026-03-08 13:43:08]     Rows after merge: 236612
[2026-03-08 13:43:08]     Duplicates removed: 1002515
[2026-03-08 13:43:08]   Validating nfl_players_stats...
[2026-03-08 13:43:08]     Seasons: 2019, 2020, 2021, 2022, 2023, 2024, 2025
[2026-03-08 13:43:08]     Week coverage by season:
[2026-03-08 13:43:08]       2019: weeks 0-17
[2026-03-08 13:43:08]       2020: weeks 0-17
[2026-03-08 13:43:08]       2021: weeks 0-17
[2026-03-08 13:43:08]       2022: weeks 0-17
[2026-03-08 13:43:08]       2023: weeks 0-17
[2026-03-08 13:43:08]       2024: weeks 0-17
[2026-03-08 13:43:08]       2025: weeks 0-17
[2026-03-08 13:43:08]     ✓ Validation passed
[2026-03-08 13:43:08]   Merging table: nfl_players_adv_stats
[2026-03-08 13:43:08]     Rows before merge: 77322 (0, 15453, 14824, 47045)
[2026-03-08 13:43:08]     Harmonizing column types...
[2026-03-08 13:43:08]     Deduplicated using: season, week, playerId
[2026-03-08 13:43:08]     Rows after merge: 69513
[2026-03-08 13:43:08]     Duplicates removed: 7809
[2026-03-08 13:43:08]   Validating nfl_players_adv_stats...
[2026-03-08 13:43:08]     Seasons: 2019, 2020, 2021, 2022, 2023, 2024, 2025
[2026-03-08 13:43:08]     Week coverage by season:
[2026-03-08 13:43:08]       2019: weeks 0-17
[2026-03-08 13:43:08]       2020: weeks 0-17
[2026-03-08 13:43:08]       2021: weeks 0-17
[2026-03-08 13:43:08]       2022: weeks 0-17
[2026-03-08 13:43:08]       2023: weeks 0-17
[2026-03-08 13:43:08]       2024: weeks 0-17
[2026-03-08 13:43:08]       2025: weeks 0-17
[2026-03-08 13:43:08]     ✓ Validation passed
[2026-03-08 13:43:08] Creating dm object for nfl_stats_db.rds...
[2026-03-08 13:43:09] ✓ Saved dataset/nfl_stats_db.rds
[2026-03-08 13:43:09]   File size: 1.01 MB
[2026-03-08 13:43:09] --- Processing nfl_round_db.rds ---
[2026-03-08 13:43:09] Loading nfl_round_db.rds from year 2020...
[2026-03-08 13:43:09]   ✓ Loaded 5 tables from 2020
[2026-03-08 13:43:09] Loading nfl_round_db.rds from year 2021...
[2026-03-08 13:43:09]   ✓ Loaded 5 tables from 2021
[2026-03-08 13:43:09] Loading nfl_round_db.rds from year 2022...
[2026-03-08 13:43:09]   ✓ Loaded 5 tables from 2022
[2026-03-08 13:43:09] Loading nfl_round_db.rds from year 2023-25...
[2026-03-08 13:43:09]   ✓ Loaded 5 tables from 2023-25
[2026-03-08 13:43:09] Tables to merge: nfl_teams_round, nfl_teams_rosters, nfl_teams_week_stats, nfl_teams_season_stats, matchups_games
[2026-03-08 13:43:09]   Merging table: nfl_teams_round
[2026-03-08 13:43:09]     Rows before merge: 1416 (218, 232, 232, 734)
[2026-03-08 13:43:09]     Harmonizing column types...
[2026-03-08 13:43:09]     Deduplicated using: season, week, teamId
[2026-03-08 13:43:09]     Rows after merge: 1416
[2026-03-08 13:43:09]   Validating nfl_teams_round...
[2026-03-08 13:43:09]     Seasons: 2020, 2021, 2022, 2023, 2024, 2025
[2026-03-08 13:43:09]     Week coverage by season:
[2026-03-08 13:43:09]       2020: weeks 1-16
[2026-03-08 13:43:09]       2021: weeks 1-17
[2026-03-08 13:43:09]       2022: weeks 1-17
[2026-03-08 13:43:09]       2023: weeks 1-17
[2026-03-08 13:43:09]       2024: weeks 1-17
[2026-03-08 13:43:09]       2025: weeks 1-17
[2026-03-08 13:43:09]     ✓ Validation passed
[2026-03-08 13:43:09]   Merging table: nfl_teams_rosters
[2026-03-08 13:43:09]     Rows before merge: 33656 (4320, 4801, 4578, 19957)
[2026-03-08 13:43:09]     Harmonizing column types...
[2026-03-08 13:43:09]     Deduplicated using: season, week, playerId, teamId, timestamp
[2026-03-08 13:43:09]     Rows after merge: 31492
[2026-03-08 13:43:09]     Duplicates removed: 2164
[2026-03-08 13:43:09]   Validating nfl_teams_rosters...
[2026-03-08 13:43:09]     Seasons: 2020, 2021, 2022, 2023, 2024, 2025
[2026-03-08 13:43:09]     Week coverage by season:
[2026-03-08 13:43:09]       2020: weeks 1-16
[2026-03-08 13:43:09]       2021: weeks 1-17
[2026-03-08 13:43:09]       2022: weeks 1-17
[2026-03-08 13:43:09]       2023: weeks 1-17
[2026-03-08 13:43:09]       2024: weeks 1-17
[2026-03-08 13:43:09]       2025: weeks 1-17
[2026-03-08 13:43:09]     ⚠ playerId: 66 NAs
[2026-03-08 13:43:09]   Merging table: nfl_teams_week_stats
[2026-03-08 13:43:09]     Rows before merge: 1698 (218, 232, 232, 1016)
[2026-03-08 13:43:09]     Harmonizing column types...
[2026-03-08 13:43:09]     Deduplicated using: season, week, teamId, timestamp, statId
[2026-03-08 13:43:09]     Rows after merge: 1698
[2026-03-08 13:43:09]   Validating nfl_teams_week_stats...
[2026-03-08 13:43:09]     Seasons: 2020, 2021, 2022, 2023, 2024, 2025
[2026-03-08 13:43:09]     Week coverage by season:
[2026-03-08 13:43:09]       2020: weeks 1-16
[2026-03-08 13:43:09]       2021: weeks 1-17
[2026-03-08 13:43:09]       2022: weeks 1-17
[2026-03-08 13:43:09]       2023: weeks 1-17
[2026-03-08 13:43:09]       2024: weeks 1-17
[2026-03-08 13:43:09]       2025: weeks 1-17
[2026-03-08 13:43:09]     ✓ Validation passed
[2026-03-08 13:43:09]   Merging table: nfl_teams_season_stats
[2026-03-08 13:43:09]     Rows before merge: 29552 (2858, 3490, 3944, 19260)
[2026-03-08 13:43:09]     Harmonizing column types...
[2026-03-08 13:43:09]     Deduplicated using: season, week, teamId, timestamp
[2026-03-08 13:43:09]     Rows after merge: 1964
[2026-03-08 13:43:09]     Duplicates removed: 27588
[2026-03-08 13:43:09]   Validating nfl_teams_season_stats...
[2026-03-08 13:43:09]     Seasons: 2020, 2021, 2022, 2023, 2024, 2025
[2026-03-08 13:43:09]     Week coverage by season:
[2026-03-08 13:43:09]       2020: weeks 1-16
[2026-03-08 13:43:09]       2021: weeks 1-17
[2026-03-08 13:43:09]       2022: weeks 1-17
[2026-03-08 13:43:09]       2023: weeks 1-17
[2026-03-08 13:43:09]       2024: weeks 1-17
[2026-03-08 13:43:09]       2025: weeks 1-17
[2026-03-08 13:43:09]     ✓ Validation passed
[2026-03-08 13:43:09]   Merging table: matchups_games
[2026-03-08 13:43:09]     Rows before merge: 724 (113, 120, 120, 371)
[2026-03-08 13:43:09]     Harmonizing column types...
[2026-03-08 13:43:09]     Deduplicated using: season, week, matchupId
[2026-03-08 13:43:09]     Rows after merge: 724
[2026-03-08 13:43:09]   Validating matchups_games...
[2026-03-08 13:43:09]     Seasons: 2020, 2021, 2022, 2023, 2024, 2025
[2026-03-08 13:43:09]     Week coverage by season:
[2026-03-08 13:43:09]       2020: weeks 1-16
[2026-03-08 13:43:09]       2021: weeks 1-17
[2026-03-08 13:43:09]       2022: weeks 1-17
[2026-03-08 13:43:09]       2023: weeks 1-17
[2026-03-08 13:43:09]       2024: weeks 1-17
[2026-03-08 13:43:09]       2025: weeks 1-17
[2026-03-08 13:43:09]     ✓ Validation passed
[2026-03-08 13:43:09] Creating dm object for nfl_round_db.rds...
[2026-03-08 13:43:09] ✓ Saved dataset/nfl_round_db.rds
[2026-03-08 13:43:09]   File size: 0.08 MB
[2026-03-08 13:43:09] --- Processing nfl_recap_db.rds ---
[2026-03-08 13:43:09] Loading nfl_recap_db.rds from year 2020...
[2026-03-08 13:43:09]   ✓ Loaded 1 tables from 2020
[2026-03-08 13:43:09] Loading nfl_recap_db.rds from year 2021...
[2026-03-08 13:43:09]   ✓ Loaded 1 tables from 2021
[2026-03-08 13:43:09] Loading nfl_recap_db.rds from year 2022...
[2026-03-08 13:43:09]   ✓ Loaded 1 tables from 2022
[2026-03-08 13:43:09] Loading nfl_recap_db.rds from year 2023-25...
[2026-03-08 13:43:09]   ✓ Loaded 1 tables from 2023-25
[2026-03-08 13:43:09] Tables to merge: nfl_recap
[2026-03-08 13:43:09]   Merging table: nfl_recap
[2026-03-08 13:43:09]     Rows before merge: 311 (0, 0, 0, 311)
[2026-03-08 13:43:09]     Harmonizing column types...
[2026-03-08 13:43:09]     Deduplicated using: season, week, matchupId
[2026-03-08 13:43:09]     Rows after merge: 311
[2026-03-08 13:43:09]   Validating nfl_recap...
[2026-03-08 13:43:09]     Seasons: 2023, 2024, 2025
[2026-03-08 13:43:09]     ⚠ Missing seasons: 2020, 2021, 2022
[2026-03-08 13:43:09]     Week coverage by season:
[2026-03-08 13:43:09]       2023: weeks 1-14
[2026-03-08 13:43:09]       2024: weeks 1-13
[2026-03-08 13:43:09]       2025: weeks 1-17
[2026-03-08 13:43:09] Creating dm object for nfl_recap_db.rds...
[2026-03-08 13:43:09] ✓ Saved dataset/nfl_recap_db.rds
[2026-03-08 13:43:09]   File size: 1.3 MB
[2026-03-08 13:43:09] --- Processing dudes_simulation_db.rds ---
[2026-03-08 13:43:09] Loading dudes_simulation_db.rds from year 2020...
[2026-03-08 13:43:12]   ✓ Loaded 2 tables from 2020
[2026-03-08 13:43:12] Loading dudes_simulation_db.rds from year 2021...
[2026-03-08 13:43:12]   ✓ Loaded 2 tables from 2021
[2026-03-08 13:43:12] Loading dudes_simulation_db.rds from year 2022...
[2026-03-08 13:43:14]   ✓ Loaded 2 tables from 2022
[2026-03-08 13:43:14] Loading dudes_simulation_db.rds from year 2023-25...
[2026-03-08 13:43:17]   ✓ Loaded 2 tables from 2023-25
[2026-03-08 13:43:17] Tables to merge: dudes_players_seeds, dudes_players_simulations
[2026-03-08 13:43:17]   Merging table: dudes_players_seeds
[2026-03-08 13:43:17]     Rows before merge: 160648 (24613, 1235, 23973, 110827)
[2026-03-08 13:43:17]     Harmonizing column types...
[2026-03-08 13:43:17]     Deduplicated using: season, week, id, playerId
[2026-03-08 13:43:17]     Rows after merge: 16473
[2026-03-08 13:43:17]     Duplicates removed: 144175
[2026-03-08 13:43:17]   Validating dudes_players_seeds...
[2026-03-08 13:43:17]     Seasons: 2020, 2021, 2022, 2023, 2024
[2026-03-08 13:43:17]     ⚠ Missing seasons: 2025
[2026-03-08 13:43:17]     Week coverage by season:
[2026-03-08 13:43:17]       2020: weeks 1-9
[2026-03-08 13:43:17]       2021: weeks 1-1
[2026-03-08 13:43:17]       2022: weeks 1-9
[2026-03-08 13:43:17]       2023: weeks 1-9
[2026-03-08 13:43:17]       2024: weeks 2-4
[2026-03-08 13:43:17]     ⚠ playerId: 128 NAs
[2026-03-08 13:43:17]   Merging table: dudes_players_simulations
[2026-03-08 13:43:17]     Rows before merge: 133134 (24613, 1235, 23973, 83313)
[2026-03-08 13:43:17]     Harmonizing column types...
[2026-03-08 13:43:18]     Deduplicated using: season, week, id, playerId
[2026-03-08 13:43:18]     Rows after merge: 16471
[2026-03-08 13:43:18]     Duplicates removed: 116663
[2026-03-08 13:43:18]   Validating dudes_players_simulations...
[2026-03-08 13:43:18]     Seasons: 2020, 2021, 2022, 2023, 2024
[2026-03-08 13:43:18]     ⚠ Missing seasons: 2025
[2026-03-08 13:43:18]     Week coverage by season:
[2026-03-08 13:43:18]       2020: weeks 1-9
[2026-03-08 13:43:18]       2021: weeks 1-1
[2026-03-08 13:43:18]       2022: weeks 1-9
[2026-03-08 13:43:18]       2023: weeks 1-9
[2026-03-08 13:43:18]       2024: weeks 2-4
[2026-03-08 13:43:18]     ⚠ playerId: 128 NAs
[2026-03-08 13:43:18] Creating dm object for dudes_simulation_db.rds...
[2026-03-08 13:43:22] ✓ Saved dataset/dudes_simulation_db.rds
[2026-03-08 13:43:22]   File size: 17.17 MB
[2026-03-08 13:43:22] 
=== SAVING VALIDATION RESULTS ===
[2026-03-08 13:43:22] ✓ Saved validation results to dataset/merge_validation.csv
[2026-03-08 13:43:22] 
=== SUMMARY STATISTICS ===
[2026-03-08 13:43:22] 
Final database sizes:
[2026-03-08 13:43:22]   nfl_stats_db.rds: 4 tables, 374,977 rows
[2026-03-08 13:43:22]   ffa_db.rds: 5 tables, 134,500 rows
[2026-03-08 13:43:22]   nfl_players_db.rds: 2 tables, 122,361 rows
[2026-03-08 13:43:22]   nfl_round_db.rds: 5 tables, 37,294 rows
[2026-03-08 13:43:22]   dudes_simulation_db.rds: 2 tables, 32,944 rows
[2026-03-08 13:43:22]   nfl_recap_db.rds: 1 tables, 311 rows
[2026-03-08 13:43:22]   nfl_teams_db.rds: 2 tables, 60 rows
[2026-03-08 13:43:22] 
Rows by source year:
[2026-03-08 13:43:22]   2020: 636,490 rows
[2026-03-08 13:43:22]   2021: 103,500 rows
[2026-03-08 13:43:22]   2022: 721,588 rows
[2026-03-08 13:43:23]   2023-25: 930,183 rows
[2026-03-08 13:43:23] 
⚠ VALIDATION WARNINGS:
[2026-03-08 13:43:23]   ffa_db.rds / ffa_players: WARNINGS
[2026-03-08 13:43:23]   ffa_db.rds / ffa_projtable: WARNINGS
[2026-03-08 13:43:23]   ffa_db.rds / ffa_proj_source_points: WARNINGS
[2026-03-08 13:43:23]   nfl_round_db.rds / nfl_teams_rosters: WARNINGS
[2026-03-08 13:43:23]   nfl_recap_db.rds / nfl_recap: WARNINGS
[2026-03-08 13:43:23]   dudes_simulation_db.rds / dudes_players_seeds: WARNINGS
[2026-03-08 13:43:23]   dudes_simulation_db.rds / dudes_players_simulations: WARNINGS
[2026-03-08 13:43:23] 
=== MERGE COMPLETE ===
[2026-03-08 13:43:23] Total databases merged: 7
[2026-03-08 13:43:23] All output files saved to dataset/
[2026-03-08 13:43:23] Completed at: 2026-03-08 13:43:23
