── Attaching core tidyverse packages ──────────────────────── tidyverse 2.0.0 ──
✔ dplyr     1.1.4     ✔ readr     2.1.6
✔ forcats   1.0.0     ✔ stringr   1.6.0
✔ ggplot2   4.0.1     ✔ tibble    3.3.0
✔ lubridate 1.9.4     ✔ tidyr     1.3.1
✔ purrr     1.2.0     
── Conflicts ────────────────────────────────────────── tidyverse_conflicts() ──
✖ dplyr::filter() masks stats::filter()
✖ dplyr::lag()    masks stats::lag()
ℹ Use the conflicted package (<http://conflicted.r-lib.org/>) to force all conflicts to become errors

Anexando pacote: ‘dm’

O seguinte objeto é mascarado por ‘package:stats’:

    filter


Anexando pacote: ‘rlang’

Os seguintes objetos são mascarados por ‘package:purrr’:

    flatten, flatten_chr, flatten_dbl, flatten_int, flatten_lgl,
    flatten_raw, invoke, splice


╔═══════════════════════════════════════════════════════╗
║          ETL Pipeline v2 - DudesData                  ║
╚═══════════════════════════════════════════════════════╝

Season: 2022Mode: PRODUCTION (weeks 1-17)
── ETL PIPELINE v2 - DUDES → APP ───────────────────────────────────────────────
ℹ Running in PRODUCTION MODE (weeks 1-17, strict validation)
Creating target directory: ./etl/2022/
── PHASE 1: EXTRACTION ─────────────────────────────────────────────────────────
── PHASE 1: EXTRACTION ─────────────────────────────────────────────────────────
── Extracting Weekly Scrapes ───────────────────────────────────────────────────
ℹ Processing 17 week(s): 1, 2, 3, 4, 5, 6, 7, 8, 9, 10, 11, 12, 13, 14, 15, 16, 17
ℹ   Week 1: Reading scrapes...
✔   Week 1: ✓ 3111 scrape records
ℹ   Week 2: Reading scrapes...
✔   Week 2: ✓ 2959 scrape records
ℹ   Week 3: Reading scrapes...
✔   Week 3: ✓ 3337 scrape records
ℹ   Week 4: Reading scrapes...
✔   Week 4: ✓ 3346 scrape records
ℹ   Week 5: Reading scrapes...
✔   Week 5: ✓ 3283 scrape records
ℹ   Week 6: Reading scrapes...
✔   Week 6: ✓ 2976 scrape records
ℹ   Week 7: Reading scrapes...
✔   Week 7: ✓ 3057 scrape records
ℹ   Week 8: Reading scrapes...
✔   Week 8: ✓ 3248 scrape records
ℹ   Week 9: Reading scrapes...
✔   Week 9: ✓ 2952 scrape records
ℹ   Week 10: Reading scrapes...
✔   Week 10: ✓ 3183 scrape records
ℹ   Week 11: Reading scrapes...
✔   Week 11: ✓ 3128 scrape records
ℹ   Week 12: Reading scrapes...
✔   Week 12: ✓ 3461 scrape records
ℹ   Week 13: Reading scrapes...
✔   Week 13: ✓ 3238 scrape records
ℹ   Week 14: Reading scrapes...
✔   Week 14: ✓ 3017 scrape records
ℹ   Week 15: Reading scrapes...
✔   Week 15: ✓ 3403 scrape records
ℹ   Week 16: Reading scrapes...
✔   Week 16: ✓ 3450 scrape records
ℹ   Week 17: Reading scrapes...
✔   Week 17: ✓ 3245 scrape records
── Extracting Weekly Projections ───────────────────────────────────────────────
ℹ Processing 17 week(s): 1, 2, 3, 4, 5, 6, 7, 8, 9, 10, 11, 12, 13, 14, 15, 16, 17
ℹ   Week 1: Reading projections...
✔   Week 1: ✓ 3032 projection records
ℹ   Week 2: Reading projections...
✔   Week 2: ✓ 2880 projection records
ℹ   Week 3: Reading projections...
✔   Week 3: ✓ 3319 projection records
ℹ   Week 4: Reading projections...
✔   Week 4: ✓ 3329 projection records
ℹ   Week 5: Reading projections...
✔   Week 5: ✓ 3267 projection records
ℹ   Week 6: Reading projections...
✔   Week 6: ✓ 2956 projection records
ℹ   Week 7: Reading projections...
✔   Week 7: ✓ 3040 projection records
ℹ   Week 8: Reading projections...
✔   Week 8: ✓ 3218 projection records
ℹ   Week 9: Reading projections...
✔   Week 9: ✓ 2924 projection records
ℹ   Week 10: Reading projections...
✔   Week 10: ✓ 3158 projection records
ℹ   Week 11: Reading projections...
✔   Week 11: ✓ 3102 projection records
ℹ   Week 12: Reading projections...
✔   Week 12: ✓ 3435 projection records
ℹ   Week 13: Reading projections...
✔   Week 13: ✓ 3219 projection records
ℹ   Week 14: Reading projections...
✔   Week 14: ✓ 2993 projection records
ℹ   Week 15: Reading projections...
✔   Week 15: ✓ 3381 projection records
ℹ   Week 16: Reading projections...
✔   Week 16: ✓ 3423 projection records
ℹ   Week 17: Reading projections...
✔   Week 17: ✓ 3223 projection records
── Extracting Weekly Projection Tables ─────────────────────────────────────────
ℹ Processing 17 week(s): 1, 2, 3, 4, 5, 6, 7, 8, 9, 10, 11, 12, 13, 14, 15, 16, 17
ℹ   Week 1: Reading projection table...
✔   Week 1: ✓ 626 projection table records
ℹ   Week 2: Reading projection table...
✔   Week 2: ✓ 558 projection table records
ℹ   Week 3: Reading projection table...
✔   Week 3: ✓ 585 projection table records
ℹ   Week 4: Reading projection table...
✔   Week 4: ✓ 595 projection table records
ℹ   Week 5: Reading projection table...
✔   Week 5: ✓ 597 projection table records
ℹ   Week 6: Reading projection table...
✔   Week 6: ✓ 576 projection table records
ℹ   Week 7: Reading projection table...
✔   Week 7: ✓ 598 projection table records
ℹ   Week 8: Reading projection table...
✔   Week 8: ✓ 615 projection table records
ℹ   Week 9: Reading projection table...
✔   Week 9: ✓ 576 projection table records
ℹ   Week 10: Reading projection table...
✔   Week 10: ✓ 592 projection table records
ℹ   Week 11: Reading projection table...
✔   Week 11: ✓ 592 projection table records
ℹ   Week 12: Reading projection table...
✔   Week 12: ✓ 623 projection table records
ℹ   Week 13: Reading projection table...
✔   Week 13: ✓ 613 projection table records
ℹ   Week 14: Reading projection table...
✔   Week 14: ✓ 592 projection table records
ℹ   Week 15: Reading projection table...
✔   Week 15: ✓ 630 projection table records
ℹ   Week 16: Reading projection table...
✔   Week 16: ✓ 638 projection table records
ℹ   Week 17: Reading projection table...
✔   Week 17: ✓ 632 projection table records
── Extracting Player Points ────────────────────────────────────────────────────
ℹ Reading players_points.rds...
ℹ Extracted 14824 player point records
ℹ Extracted 531284 detailed stat records
ℹ Extracted 14824 advanced stat records
── Extracting Simulations ──────────────────────────────────────────────────────
ℹ Found 115 simulation file(s) for weeks 1, 2, 3, 4, 5, 6, 7, 8, 9, 10, 11, 12, 13, 14, 15, 16, 17
ℹ   Week 10/final: Reading simulation...
✔   Week 10/final: ✓ 215 simulation records
ℹ   Week 10/posSNF: Reading simulation...
✔   Week 10/posSNF: ✓ 215 simulation records
ℹ   Week 10/posTNF: Reading simulation...
✔   Week 10/posTNF: ✓ 215 simulation records
ℹ   Week 10/posWaivers: Reading simulation...
✔   Week 10/posWaivers: ✓ 215 simulation records
ℹ   Week 10/preWaivers: Reading simulation...
✔   Week 10/preWaivers: ✓ 212 simulation records
ℹ   Week 11/final: Reading simulation...
✔   Week 11/final: ✓ 212 simulation records
ℹ   Week 11/posSNF: Reading simulation...
✔   Week 11/posSNF: ✓ 212 simulation records
ℹ   Week 11/posTNF: Reading simulation...
✔   Week 11/posTNF: ✓ 213 simulation records
ℹ   Week 11/posWaivers: Reading simulation...
✔   Week 11/posWaivers: ✓ 214 simulation records
ℹ   Week 11/preSundayGames: Reading simulation...
✔   Week 11/preSundayGames: ✓ 213 simulation records
ℹ   Week 11/preWaivers: Reading simulation...
✔   Week 11/preWaivers: ✓ 213 simulation records
ℹ   Week 12/final: Reading simulation...
✔   Week 12/final: ✓ 222 simulation records
ℹ   Week 12/posSNF: Reading simulation...
✔   Week 12/posSNF: ✓ 222 simulation records
ℹ   Week 12/posTNF: Reading simulation...
✔   Week 12/posTNF: ✓ 224 simulation records
ℹ   Week 12/posWaivers: Reading simulation...
✔   Week 12/posWaivers: ✓ 223 simulation records
ℹ   Week 12/preThurdaysGames: Reading simulation...
✔   Week 12/preThurdaysGames: ✓ 223 simulation records
ℹ   Week 12/preWaivers: Reading simulation...
✔   Week 12/preWaivers: ✓ 219 simulation records
ℹ   Week 13/final: Reading simulation...
✔   Week 13/final: ✓ 218 simulation records
ℹ   Week 13/posSNF: Reading simulation...
✔   Week 13/posSNF: ✓ 218 simulation records
ℹ   Week 13/posTNF: Reading simulation...
✔   Week 13/posTNF: ✓ 219 simulation records
ℹ   Week 13/posWaivers: Reading simulation...
✔   Week 13/posWaivers: ✓ 220 simulation records
ℹ   Week 13/preSundayGames: Reading simulation...
✔   Week 13/preSundayGames: ✓ 218 simulation records
ℹ   Week 13/preTNF: Reading simulation...
✔   Week 13/preTNF: ✓ 219 simulation records
ℹ   Week 13/preWaivers: Reading simulation...
✔   Week 13/preWaivers: ✓ 220 simulation records
ℹ   Week 14/final: Reading simulation...
✔   Week 14/final: ✓ 214 simulation records
ℹ   Week 14/posSNF: Reading simulation...
✔   Week 14/posSNF: ✓ 214 simulation records
ℹ   Week 14/posTNF: Reading simulation...
✔   Week 14/posTNF: ✓ 212 simulation records
ℹ   Week 14/preTNF: Reading simulation...
✔   Week 14/preTNF: ✓ 211 simulation records
ℹ   Week 14/preWaivers: Reading simulation...
✔   Week 14/preWaivers: ✓ 208 simulation records
ℹ   Week 15/final: Reading simulation...
✔   Week 15/final: ✓ 192 simulation records
ℹ   Week 15/posSNF: Reading simulation...
✔   Week 15/posSNF: ✓ 192 simulation records
ℹ   Week 15/posTNF: Reading simulation...
✔   Week 15/posTNF: ✓ 194 simulation records
ℹ   Week 15/preSundayGames: Reading simulation...
✔   Week 15/preSundayGames: ✓ 192 simulation records
ℹ   Week 15/preTNF: Reading simulation...
✔   Week 15/preTNF: ✓ 194 simulation records
ℹ   Week 15/preWaivers: Reading simulation...
✔   Week 15/preWaivers: ✓ 194 simulation records
ℹ   Week 16/final: Reading simulation...
✔   Week 16/final: ✓ 192 simulation records
ℹ   Week 16/posSNF: Reading simulation...
✔   Week 16/posSNF: ✓ 192 simulation records
ℹ   Week 16/posTNF: Reading simulation...
✔   Week 16/posTNF: ✓ 193 simulation records
ℹ   Week 16/posWaivers: Reading simulation...
✔   Week 16/posWaivers: ✓ 194 simulation records
ℹ   Week 16/preSaturdayGames: Reading simulation...
✔   Week 16/preSaturdayGames: ✓ 193 simulation records
ℹ   Week 16/preSundayGames: Reading simulation...
✔   Week 16/preSundayGames: ✓ 192 simulation records
ℹ   Week 17/final: Reading simulation...
✔   Week 17/final: ✓ 191 simulation records
ℹ   Week 17/posSNF: Reading simulation...
✔   Week 17/posSNF: ✓ 191 simulation records
ℹ   Week 17/posTNF: Reading simulation...
✔   Week 17/posTNF: ✓ 191 simulation records
ℹ   Week 17/posWaivers: Reading simulation...
✔   Week 17/posWaivers: ✓ 191 simulation records
ℹ   Week 17/preSNF: Reading simulation...
✔   Week 17/preSNF: ✓ 191 simulation records
ℹ   Week 17/preSaturdayGames: Reading simulation...
✔   Week 17/preSaturdayGames: ✓ 191 simulation records
ℹ   Week 17/preSundayGames: Reading simulation...
✔   Week 17/preSundayGames: ✓ 191 simulation records
ℹ   Week 17/preWaivers: Reading simulation...
✔   Week 17/preWaivers: ✓ 193 simulation records
ℹ   Week 1/final: Reading simulation...
✔   Week 1/final: ✓ 208 simulation records
ℹ   Week 1/posDraft: Reading simulation...
✔   Week 1/posDraft: ✓ 206 simulation records
ℹ   Week 1/posTNF: Reading simulation...
✔   Week 1/posTNF: ✓ 211 simulation records
ℹ   Week 1/posWaivers: Reading simulation...
✔   Week 1/posWaivers: ✓ 210 simulation records
ℹ   Week 1/preMNF: Reading simulation...
✔   Week 1/preMNF: ✓ 208 simulation records
ℹ   Week 1/preSNF: Reading simulation...
✔   Week 1/preSNF: ✓ 208 simulation records
ℹ   Week 1/preSundayGames: Reading simulation...
✔   Week 1/preSundayGames: ✓ 208 simulation records
ℹ   Week 1/preTNF: Reading simulation...
✔   Week 1/preTNF: ✓ 211 simulation records
ℹ   Week 2/final: Reading simulation...
✔   Week 2/final: ✓ 203 simulation records
ℹ   Week 2/posTNF: Reading simulation...
✔   Week 2/posTNF: ✓ 207 simulation records
ℹ   Week 2/posWaivers: Reading simulation...
✔   Week 2/posWaivers: ✓ 209 simulation records
ℹ   Week 2/preMNF: Reading simulation...
✔   Week 2/preMNF: ✓ 203 simulation records
ℹ   Week 2/preSundayGames: Reading simulation...
✔   Week 2/preSundayGames: ✓ 203 simulation records
ℹ   Week 2/preTNF: Reading simulation...
✔   Week 2/preTNF: ✓ 207 simulation records
ℹ   Week 2/preWaivers: Reading simulation...
✔   Week 2/preWaivers: ✓ 209 simulation records
ℹ   Week 3/final: Reading simulation...
✔   Week 3/final: ✓ 211 simulation records
ℹ   Week 3/posTNF: Reading simulation...
✔   Week 3/posTNF: ✓ 211 simulation records
ℹ   Week 3/posWaivers: Reading simulation...
✔   Week 3/posWaivers: ✓ 211 simulation records
ℹ   Week 3/preSNF: Reading simulation...
✔   Week 3/preSNF: ✓ 210 simulation records
ℹ   Week 3/preSundayGames: Reading simulation...
✔   Week 3/preSundayGames: ✓ 210 simulation records
ℹ   Week 3/preTNF: Reading simulation...
✔   Week 3/preTNF: ✓ 210 simulation records
ℹ   Week 3/preWaivers: Reading simulation...
✔   Week 3/preWaivers: ✓ 209 simulation records
ℹ   Week 4/final: Reading simulation...
✔   Week 4/final: ✓ 209 simulation records
ℹ   Week 4/posTNF: Reading simulation...
✔   Week 4/posTNF: ✓ 210 simulation records
ℹ   Week 4/posWaivers: Reading simulation...
✔   Week 4/posWaivers: ✓ 210 simulation records
ℹ   Week 4/preSNF: Reading simulation...
✔   Week 4/preSNF: ✓ 209 simulation records
ℹ   Week 4/preSundayGames: Reading simulation...
✔   Week 4/preSundayGames: ✓ 209 simulation records
ℹ   Week 4/preTNF: Reading simulation...
✔   Week 4/preTNF: ✓ 210 simulation records
ℹ   Week 4/preWaivers: Reading simulation...
✔   Week 4/preWaivers: ✓ 210 simulation records
ℹ   Week 5/final: Reading simulation...
✔   Week 5/final: ✓ 211 simulation records
ℹ   Week 5/posSNF: Reading simulation...
✔   Week 5/posSNF: ✓ 211 simulation records
ℹ   Week 5/posTNF: Reading simulation...
✔   Week 5/posTNF: ✓ 214 simulation records
ℹ   Week 5/posWaivers: Reading simulation...
✔   Week 5/posWaivers: ✓ 214 simulation records
ℹ   Week 5/preSundayGames: Reading simulation...
✔   Week 5/preSundayGames: ✓ 211 simulation records
ℹ   Week 5/preTNF: Reading simulation...
✔   Week 5/preTNF: ✓ 214 simulation records
ℹ   Week 5/preWaivers: Reading simulation...
✔   Week 5/preWaivers: ✓ 211 simulation records
ℹ   Week 6/final: Reading simulation...
✔   Week 6/final: ✓ 209 simulation records
ℹ   Week 6/posSNF: Reading simulation...
✔   Week 6/posSNF: ✓ 209 simulation records
ℹ   Week 6/posTNF: Reading simulation...
✔   Week 6/posTNF: ✓ 211 simulation records
ℹ   Week 6/posWaivers: Reading simulation...
✔   Week 6/posWaivers: ✓ 211 simulation records
ℹ   Week 6/preSNF: Reading simulation...
✔   Week 6/preSNF: ✓ 209 simulation records
ℹ   Week 6/preSundayGames: Reading simulation...
✔   Week 6/preSundayGames: ✓ 209 simulation records
ℹ   Week 6/preTNF: Reading simulation...
✔   Week 6/preTNF: ✓ 211 simulation records
ℹ   Week 6/preWaivers: Reading simulation...
✔   Week 6/preWaivers: ✓ 211 simulation records
ℹ   Week 7/final: Reading simulation...
✔   Week 7/final: ✓ 213 simulation records
ℹ   Week 7/posSNF: Reading simulation...
✔   Week 7/posSNF: ✓ 213 simulation records
ℹ   Week 7/posTNF: Reading simulation...
✔   Week 7/posTNF: ✓ 215 simulation records
ℹ   Week 7/posWaivers: Reading simulation...
✔   Week 7/posWaivers: ✓ 214 simulation records
ℹ   Week 7/preSundayGames: Reading simulation...
✔   Week 7/preSundayGames: ✓ 213 simulation records
ℹ   Week 7/preTNF: Reading simulation...
✔   Week 7/preTNF: ✓ 214 simulation records
ℹ   Week 7/preWaivers: Reading simulation...
✔   Week 7/preWaivers: ✓ 215 simulation records
ℹ   Week 8/final: Reading simulation...
✔   Week 8/final: ✓ 215 simulation records
ℹ   Week 8/posSNF: Reading simulation...
✔   Week 8/posSNF: ✓ 215 simulation records
ℹ   Week 8/posTNF: Reading simulation...
✔   Week 8/posTNF: ✓ 213 simulation records
ℹ   Week 8/posWaivers: Reading simulation...
✔   Week 8/posWaivers: ✓ 213 simulation records
ℹ   Week 8/preLondonGame: Reading simulation...
✔   Week 8/preLondonGame: ✓ 213 simulation records
ℹ   Week 8/preTNF: Reading simulation...
✔   Week 8/preTNF: ✓ 213 simulation records
ℹ   Week 8/preWaivers: Reading simulation...
✔   Week 8/preWaivers: ✓ 210 simulation records
ℹ   Week 9/final: Reading simulation...
✔   Week 9/final: ✓ 206 simulation records
ℹ   Week 9/posSNF: Reading simulation...
✔   Week 9/posSNF: ✓ 206 simulation records
ℹ   Week 9/posTNF: Reading simulation...
✔   Week 9/posTNF: ✓ 207 simulation records
ℹ   Week 9/posWaivers: Reading simulation...
✔   Week 9/posWaivers: ✓ 207 simulation records
ℹ   Week 9/preSNF: Reading simulation...
✔   Week 9/preSNF: ✓ 206 simulation records
ℹ   Week 9/preSundayGames: Reading simulation...
✔   Week 9/preSundayGames: ✓ 206 simulation records
ℹ   Week 9/preTNF: Reading simulation...
✔   Week 9/preTNF: ✓ 207 simulation records
ℹ   Week 9/preWaivers: Reading simulation...
✔   Week 9/preWaivers: ✓ 206 simulation records
── Extracting Matchups ─────────────────────────────────────────────────────────
── Extracting Rosters ──────────────────────────────────────────────────────────
── Extracting Season Data ──────────────────────────────────────────────────────
ℹ [DEBUG] Reading season_scrap.rds...
! Season file not found: season_projtable.rds
! Season file not found: season_player_proj_sites.rds
── Extracting Draft Data ───────────────────────────────────────────────────────
ℹ [DEBUG] Reading draft_picks.rds...
! Draft file not found: draft_pick_projections.rds
! Draft file not found: draft_teams_projections.rds
ℹ [DEBUG] Reading draft_recap_data.rds...
ℹ [DEBUG] Reading draft_recap_rank.rds...
✔ Saved extraction.rds (35.5M)
ℹ [DEBUG] Checkpoint saved: extraction
✔ Extraction phase complete!
✔ Extract phase completed in 423.4s
── PHASE 2: TRANSFORMATION ─────────────────────────────────────────────────────
── PHASE 2: TRANSFORMATION ─────────────────────────────────────────────────────
── Transforming to ffa_db ──────────────────────────────────────────────────────
ℹ [DEBUG] Creating ffa_scrape...
ℹ ffa_scrape: 34 records
ℹ [DEBUG] Creating ffa_player_ids...
ℹ Loaded 5395 player ID mappings from master file
ℹ ffa_player_ids: 778 records, 766 with real nfl_id (98.5% coverage)
ℹ [DEBUG] Creating ffa_players...
ℹ ffa_players: 871 records, 839 with first_name (96.3%)
ℹ ffa_players: 871 records
ℹ [DEBUG] Creating ffa_proj_source_points...
ℹ ffa_proj_source_points: 53899 records
ℹ [DEBUG] Creating ffa_projtable...
ℹ [DEBUG] Extracting projected stats from scrapes...
ℹ ffa_projtable: 30861 records
ℹ [DEBUG]   Stats coverage: pass_att=13614, rush_yds=27450, rec_tgt=22992
ℹ Creating dm object for ffa_db...
✔ ffa_db created successfully
── Transforming to nfl_stats_db ────────────────────────────────────────────────
ℹ [DEBUG] Creating nfl_stat_dictionary...
ℹ nfl_stat_dictionary: 79 records
ℹ [DEBUG] Creating nfl_players_points...
ℹ nfl_players_points: 14824 records
ℹ [DEBUG] Creating nfl_players_stats...
ℹ nfl_players_stats: 531284 records
ℹ [DEBUG] Creating nfl_players_adv_stats...
ℹ nfl_players_adv_stats: 14824 records
ℹ Creating dm object for nfl_stats_db...
✔ nfl_stats_db created successfully
── Transforming to dudes_simulation_db ─────────────────────────────────────────
ℹ [DEBUG] Creating dudes_players_seeds...
ℹ dudes_players_seeds: 23973 records
ℹ [DEBUG] Creating dudes_players_simulations...
ℹ dudes_players_simulations: 23973 records
ℹ dudes_players_simulations: 23973 records
ℹ Creating dm object for dudes_simulation_db...
✔ dudes_simulation_db created successfully
── Transforming to nfl_teams_db ────────────────────────────────────────────────
ℹ nfl_teams: 14 records
ℹ nfl_owners: 14 records
✔ nfl_teams_db created successfully
── Transforming to nfl_players_db ──────────────────────────────────────────────
ℹ Processing 115 simulation files for player data

❌ Pipeline failed with error:
In index: 1.
Error details:
<error/purrr_error_indexed>
Error in `map()`:
ℹ In index: 1.
ℹ With name: dudes/2022/simulation_v5_week10_final.rds.
Caused by error in `select()`:
! Can't select columns that don't exist.
✖ Column `lastNoteTimestamp` doesn't exist.
---
Backtrace:
     ▆
  1. ├─base::tryCatch(...)
  2. │ └─base (local) tryCatchList(expr, classes, parentenv, handlers)
  3. │   └─base (local) tryCatchOne(expr, names, parentenv, handlers[[1L]])
  4. │     └─base (local) doTryCatch(return(expr), name, parentenv, handler)
  5. └─global main(season, test_mode)
  6.   └─transform_module$transform_all(extracted_data, config)
  7.     └─global transform_to_nfl_players_db(extracted_data, config)
  8.       └─purrr::map_dfr(...)
  9.         └─purrr::map(.x, .f, ...)
 10.           └─purrr:::map_("list", .x, .f, ..., .progress = .progress)
 11.             ├─purrr:::with_indexed_errors(...)
 12.             │ └─base::withCallingHandlers(...)
 13.             ├─purrr:::call_with_cleanup(...)
 14.             └─.f(.x[[i]], ...)
 15.               ├─dplyr::distinct(...)
 16.               ├─dplyr::select(...)
 17.               └─dplyr:::select.data.frame(...)

Traceback:
[[1]]
tryCatch({
    main(season, test_mode)
}, error = function(e) {
    cat("\n")
    cat("❌ Pipeline failed with error:\n")
    cat(glue("   {e$message}\n"))
    cat("\n")
    cat("Error details:\n")
    print(e)
    cat("\n")
    cat("Traceback:\n")
    print(sys.calls())
    cat("\n")
    quit(status = 1)
})

[[2]]
tryCatchList(expr, classes, parentenv, handlers)

[[3]]
tryCatchOne(expr, names, parentenv, handlers[[1L]])

[[4]]
value[[3L]](cond)


