── Attaching core tidyverse packages ──────────────────────── tidyverse 2.0.0 ──
✔ dplyr     1.1.4     ✔ readr     2.1.6
✔ forcats   1.0.0     ✔ stringr   1.6.0
✔ ggplot2   4.0.1     ✔ tibble    3.3.0
✔ lubridate 1.9.4     ✔ tidyr     1.3.1
✔ purrr     1.2.0     
── Conflicts ────────────────────────────────────────── tidyverse_conflicts() ──
✖ dplyr::filter() masks stats::filter()
✖ dplyr::lag()    masks stats::lag()
ℹ Use the conflicted package (<http://conflicted.r-lib.org/>) to force all conflicts to become errors

Anexando pacote: ‘dm’

O seguinte objeto é mascarado por ‘package:stats’:

    filter


Anexando pacote: ‘rlang’

Os seguintes objetos são mascarados por ‘package:purrr’:

    flatten, flatten_chr, flatten_dbl, flatten_int, flatten_lgl,
    flatten_raw, invoke, splice


╔═══════════════════════════════════════════════════════╗
║          ETL Pipeline v2 - DudesData                  ║
╚═══════════════════════════════════════════════════════╝

Season: 2020Mode: PRODUCTION (weeks 1-17)
── ETL PIPELINE v2 - DUDES → APP ───────────────────────────────────────────────
ℹ Running in PRODUCTION MODE (weeks 1-17, strict validation)
Creating target directory: ./etl/2020/
── PHASE 1: EXTRACTION ─────────────────────────────────────────────────────────
── PHASE 1: EXTRACTION ─────────────────────────────────────────────────────────
── Extracting Weekly Scrapes ───────────────────────────────────────────────────
ℹ Processing 17 week(s): 1, 2, 3, 4, 5, 6, 7, 8, 9, 10, 11, 12, 13, 14, 15, 16, 17
ℹ   Week 1: Reading scrapes...
✔   Week 1: ✓ 3145 scrape records
ℹ   Week 2: Reading scrapes...
✔   Week 2: ✓ 3780 scrape records
ℹ   Week 3: Reading scrapes...
✔   Week 3: ✓ 3769 scrape records
ℹ   Week 4: Reading scrapes...
✔   Week 4: ✓ 3699 scrape records
ℹ   Week 5: Reading scrapes...
✔   Week 5: ✓ 3639 scrape records
ℹ   Week 6: Reading scrapes...
✔   Week 6: ✓ 3211 scrape records
ℹ   Week 7: Reading scrapes...
✔   Week 7: ✓ 3630 scrape records
ℹ   Week 8: Reading scrapes...
✔   Week 8: ✓ 3673 scrape records
ℹ   Week 9: Reading scrapes...
✔   Week 9: ✓ 3698 scrape records
ℹ   Week 10: Reading scrapes...
✔   Week 10: ✓ 3670 scrape records
ℹ   Week 11: Reading scrapes...
✔   Week 11: ✓ 3602 scrape records
ℹ   Week 12: Reading scrapes...
✔   Week 12: ✓ 3977 scrape records
ℹ   Week 13: Reading scrapes...
✔   Week 13: ✓ 3847 scrape records
ℹ   Week 14: Reading scrapes...
✔   Week 14: ✓ 3993 scrape records
ℹ   Week 15: Reading scrapes...
✔   Week 15: ✓ 4045 scrape records
ℹ   Week 16: Reading scrapes...
✔   Week 16: ✓ 4015 scrape records
!   Week 17: File not found - skipping
── Extracting Weekly Projections ───────────────────────────────────────────────
ℹ Processing 17 week(s): 1, 2, 3, 4, 5, 6, 7, 8, 9, 10, 11, 12, 13, 14, 15, 16, 17
!   Week 1: Projections file not found - skipping
!   Week 2: Projections file not found - skipping
!   Week 3: Projections file not found - skipping
!   Week 4: Projections file not found - skipping
!   Week 5: Projections file not found - skipping
!   Week 6: Projections file not found - skipping
!   Week 7: Projections file not found - skipping
!   Week 8: Projections file not found - skipping
!   Week 9: Projections file not found - skipping
!   Week 10: Projections file not found - skipping
!   Week 11: Projections file not found - skipping
!   Week 12: Projections file not found - skipping
!   Week 13: Projections file not found - skipping
!   Week 14: Projections file not found - skipping
!   Week 15: Projections file not found - skipping
!   Week 16: Projections file not found - skipping
!   Week 17: Projections file not found - skipping
── Extracting Weekly Projection Tables ─────────────────────────────────────────
ℹ Processing 17 week(s): 1, 2, 3, 4, 5, 6, 7, 8, 9, 10, 11, 12, 13, 14, 15, 16, 17
!   Week 1: Projection table not found - skipping
!   Week 2: Projection table not found - skipping
!   Week 3: Projection table not found - skipping
!   Week 4: Projection table not found - skipping
!   Week 5: Projection table not found - skipping
!   Week 6: Projection table not found - skipping
!   Week 7: Projection table not found - skipping
!   Week 8: Projection table not found - skipping
!   Week 9: Projection table not found - skipping
!   Week 10: Projection table not found - skipping
!   Week 11: Projection table not found - skipping
!   Week 12: Projection table not found - skipping
!   Week 13: Projection table not found - skipping
!   Week 14: Projection table not found - skipping
!   Week 15: Projection table not found - skipping
!   Week 16: Projection table not found - skipping
!   Week 17: Projection table not found - skipping
── Extracting Player Points ────────────────────────────────────────────────────
ℹ Reading players_points.rds...
ℹ Extracted 14416 player point records
ℹ Extracted 450240 detailed stat records
ℹ Extracted 0 advanced stat records
── Extracting Simulations ──────────────────────────────────────────────────────
ℹ Found 123 simulation file(s) for weeks 1, 2, 3, 4, 5, 6, 7, 8, 9, 10, 11, 12, 13, 14, 15, 16, 17
ℹ   Week 10/final: Reading simulation...
✔   Week 10/final: ✓ 203 simulation records
ℹ   Week 10/posTNF: Reading simulation...
✔   Week 10/posTNF: ✓ 203 simulation records
ℹ   Week 10/posWaiver: Reading simulation...
✔   Week 10/posWaiver: ✓ 200 simulation records
ℹ   Week 10/preMNF: Reading simulation...
✔   Week 10/preMNF: ✓ 203 simulation records
ℹ   Week 10/preSNF: Reading simulation...
✔   Week 10/preSNF: ✓ 203 simulation records
ℹ   Week 10/preSundayGames: Reading simulation...
✔   Week 10/preSundayGames: ✓ 204 simulation records
ℹ   Week 10/preTNF: Reading simulation...
✔   Week 10/preTNF: ✓ 203 simulation records
ℹ   Week 10/preWaiver: Reading simulation...
✔   Week 10/preWaiver: ✓ 198 simulation records
ℹ   Week 11/final: Reading simulation...
✔   Week 11/final: ✓ 194 simulation records
ℹ   Week 11/posTNF: Reading simulation...
✔   Week 11/posTNF: ✓ 194 simulation records
ℹ   Week 11/posWaivers: Reading simulation...
✔   Week 11/posWaivers: ✓ 194 simulation records
ℹ   Week 11/preMNF: Reading simulation...
✔   Week 11/preMNF: ✓ 194 simulation records
ℹ   Week 11/preSNF: Reading simulation...
✔   Week 11/preSNF: ✓ 194 simulation records
ℹ   Week 11/preSundayGames: Reading simulation...
✔   Week 11/preSundayGames: ✓ 195 simulation records
ℹ   Week 11/preTNF: Reading simulation...
✔   Week 11/preTNF: ✓ 194 simulation records
ℹ   Week 11/preWaivers: Reading simulation...
✔   Week 11/preWaivers: ✓ 186 simulation records
ℹ   Week 12/final: Reading simulation...
✔   Week 12/final: ✓ 227 simulation records
ℹ   Week 12/posMNF: Reading simulation...
✔   Week 12/posMNF: ✓ 227 simulation records
ℹ   Week 12/posThursdayGames: Reading simulation...
✔   Week 12/posThursdayGames: ✓ 226 simulation records
ℹ   Week 12/posWaivers: Reading simulation...
✔   Week 12/posWaivers: ✓ 226 simulation records
ℹ   Week 12/pre2ndThursdayGames: Reading simulation...
✔   Week 12/pre2ndThursdayGames: ✓ 226 simulation records
ℹ   Week 12/preMNF: Reading simulation...
✔   Week 12/preMNF: ✓ 227 simulation records
ℹ   Week 12/preSNF: Reading simulation...
✔   Week 12/preSNF: ✓ 227 simulation records
ℹ   Week 12/preSundayGames: Reading simulation...
✔   Week 12/preSundayGames: ✓ 228 simulation records
ℹ   Week 12/preThursdayGames: Reading simulation...
✔   Week 12/preThursdayGames: ✓ 226 simulation records
ℹ   Week 12/preWaivers: Reading simulation...
✔   Week 12/preWaivers: ✓ 222 simulation records
ℹ   Week 13/final: Reading simulation...
✔   Week 13/final: ✓ 207 simulation records
ℹ   Week 13/posMNF: Reading simulation...
✔   Week 13/posMNF: ✓ 207 simulation records
ℹ   Week 13/posSNF: Reading simulation...
✔   Week 13/posSNF: ✓ 207 simulation records
ℹ   Week 13/posWaivers: Reading simulation...
✔   Week 13/posWaivers: ✓ 209 simulation records
ℹ   Week 13/preSNF: Reading simulation...
✔   Week 13/preSNF: ✓ 207 simulation records
ℹ   Week 13/preSundayGames: Reading simulation...
✔   Week 13/preSundayGames: ✓ 207 simulation records
ℹ   Week 13/preWaivers: Reading simulation...
✔   Week 13/preWaivers: ✓ 207 simulation records
ℹ   Week 14/final: Reading simulation...
✔   Week 14/final: ✓ 191 simulation records
ℹ   Week 14/posTNF: Reading simulation...
✔   Week 14/posTNF: ✓ 189 simulation records
ℹ   Week 14/preMNF: Reading simulation...
✔   Week 14/preMNF: ✓ 191 simulation records
ℹ   Week 14/preSNF: Reading simulation...
✔   Week 14/preSNF: ✓ 191 simulation records
ℹ   Week 14/preSundayGames: Reading simulation...
✔   Week 14/preSundayGames: ✓ 190 simulation records
ℹ   Week 14/preWaivers: Reading simulation...
✔   Week 14/preWaivers: ✓ 186 simulation records
ℹ   Week 15/final: Reading simulation...
✔   Week 15/final: ✓ 194 simulation records
ℹ   Week 15/posSNF: Reading simulation...
✔   Week 15/posSNF: ✓ 194 simulation records
ℹ   Week 15/posSaturdayGames: Reading simulation...
✔   Week 15/posSaturdayGames: ✓ 193 simulation records
ℹ   Week 15/posTNF: Reading simulation...
✔   Week 15/posTNF: ✓ 194 simulation records
ℹ   Week 15/posWaivers: Reading simulation...
✔   Week 15/posWaivers: ✓ 193 simulation records
ℹ   Week 15/preSNF: Reading simulation...
✔   Week 15/preSNF: ✓ 194 simulation records
ℹ   Week 15/preTNF: Reading simulation...
✔   Week 15/preTNF: ✓ 194 simulation records
ℹ   Week 16/final: Reading simulation...
✔   Week 16/final: ✓ 191 simulation records
ℹ   Week 16/posSaturday1stGame: Reading simulation...
✔   Week 16/posSaturday1stGame: ✓ 191 simulation records
ℹ   Week 16/posSaturday1stGames: Reading simulation...
✔   Week 16/posSaturday1stGames: ✓ 191 simulation records
ℹ   Week 16/posTNF: Reading simulation...
✔   Week 16/posTNF: ✓ 191 simulation records
ℹ   Week 16/posWaivers: Reading simulation...
✔   Week 16/posWaivers: ✓ 192 simulation records
ℹ   Week 16/preMNF: Reading simulation...
✔   Week 16/preMNF: ✓ 191 simulation records
ℹ   Week 16/preSNF: Reading simulation...
✔   Week 16/preSNF: ✓ 191 simulation records
ℹ   Week 16/preSundayGames: Reading simulation...
✔   Week 16/preSundayGames: ✓ 191 simulation records
ℹ   Week 16/preWaivers: Reading simulation...
✔   Week 16/preWaivers: ✓ 192 simulation records
ℹ   Week 1/final: Reading simulation...
✔   Week 1/final: ✓ 213 simulation records
ℹ   Week 1/posSNF: Reading simulation...
✔   Week 1/posSNF: ✓ 205 simulation records
ℹ   Week 1/posSunday1stRound: Reading simulation...
✔   Week 1/posSunday1stRound: ✓ 207 simulation records
ℹ   Week 1/posTNF: Reading simulation...
✔   Week 1/posTNF: ✓ 206 simulation records
ℹ   Week 1/preSNF: Reading simulation...
✔   Week 1/preSNF: ✓ 205 simulation records
ℹ   Week 1/preTNF: Reading simulation...
! WARNING: Missing list columns in simulation_v5_week1_preTNF.rds: simulation.org - simulations may be incomplete
✔   Week 1/preTNF: ✓ 203 simulation records
ℹ   Week 1/sunday1stRound: Reading simulation...
✔   Week 1/sunday1stRound: ✓ 206 simulation records
ℹ   Week 2/final: Reading simulation...
✔   Week 2/final: ✓ 213 simulation records
ℹ   Week 2/pos1stRndSunday: Reading simulation...
✔   Week 2/pos1stRndSunday: ✓ 200 simulation records
ℹ   Week 2/posSNF: Reading simulation...
✔   Week 2/posSNF: ✓ 198 simulation records
ℹ   Week 2/posTNF: Reading simulation...
✔   Week 2/posTNF: ✓ 200 simulation records
ℹ   Week 2/posWaivers: Reading simulation...
✔   Week 2/posWaivers: ✓ 209 simulation records
ℹ   Week 2/preSNF: Reading simulation...
✔   Week 2/preSNF: ✓ 199 simulation records
ℹ   Week 2/preTNF: Reading simulation...
✔   Week 2/preTNF: ✓ 208 simulation records
ℹ   Week 3/final: Reading simulation...
✔   Week 3/final: ✓ 216 simulation records
ℹ   Week 3/posSNF: Reading simulation...
✔   Week 3/posSNF: ✓ 194 simulation records
ℹ   Week 3/posSunday1stGames: Reading simulation...
✔   Week 3/posSunday1stGames: ✓ 196 simulation records
ℹ   Week 3/posTNF: Reading simulation...
✔   Week 3/posTNF: ✓ 207 simulation records
ℹ   Week 3/posWaiver: Reading simulation...
✔   Week 3/posWaiver: ✓ 206 simulation records
ℹ   Week 3/preSNF: Reading simulation...
✔   Week 3/preSNF: ✓ 196 simulation records
ℹ   Week 3/preSundayGames: Reading simulation...
✔   Week 3/preSundayGames: ✓ 196 simulation records
ℹ   Week 3/preTNF: Reading simulation...
✔   Week 3/preTNF: ✓ 207 simulation records
ℹ   Week 3/preWaiver: Reading simulation...
✔   Week 3/preWaiver: ✓ 204 simulation records
ℹ   Week 4/final: Reading simulation...
✔   Week 4/final: ✓ 220 simulation records
ℹ   Week 4/posSNF: Reading simulation...
✔   Week 4/posSNF: ✓ 199 simulation records
ℹ   Week 4/posTNF: Reading simulation...
✔   Week 4/posTNF: ✓ 195 simulation records
ℹ   Week 4/posWaiver: Reading simulation...
✔   Week 4/posWaiver: ✓ 208 simulation records
ℹ   Week 4/preTNF: Reading simulation...
✔   Week 4/preTNF: ✓ 195 simulation records
ℹ   Week 4/preWaiver: Reading simulation...
✔   Week 4/preWaiver: ✓ 208 simulation records
ℹ   Week 5/final: Reading simulation...
✔   Week 5/final: ✓ 203 simulation records
ℹ   Week 5/pos1stRoundSunday: Reading simulation...
✔   Week 5/pos1stRoundSunday: ✓ 204 simulation records
ℹ   Week 5/posMNF: Reading simulation...
✔   Week 5/posMNF: ✓ 203 simulation records
ℹ   Week 5/posSNF: Reading simulation...
✔   Week 5/posSNF: ✓ 203 simulation records
ℹ   Week 5/posTNF: Reading simulation...
✔   Week 5/posTNF: ✓ 194 simulation records
ℹ   Week 5/posWaivers: Reading simulation...
✔   Week 5/posWaivers: ✓ 195 simulation records
ℹ   Week 5/preSNF: Reading simulation...
✔   Week 5/preSNF: ✓ 203 simulation records
ℹ   Week 5/preTNF: Reading simulation...
✔   Week 5/preTNF: ✓ 205 simulation records
ℹ   Week 5/preWaiver: Reading simulation...
✔   Week 5/preWaiver: ✓ 195 simulation records
ℹ   Week 6/final: Reading simulation...
✔   Week 6/final: ✓ 178 simulation records
ℹ   Week 6/pos1stSundayRound: Reading simulation...
✔   Week 6/pos1stSundayRound: ✓ 178 simulation records
ℹ   Week 6/pos2ndSundayRound: Reading simulation...
✔   Week 6/pos2ndSundayRound: ✓ 178 simulation records
ℹ   Week 6/posSNF: Reading simulation...
✔   Week 6/posSNF: ✓ 178 simulation records
ℹ   Week 6/posWaivers: Reading simulation...
✔   Week 6/posWaivers: ✓ 184 simulation records
ℹ   Week 6/preMNF: Reading simulation...
✔   Week 6/preMNF: ✓ 178 simulation records
ℹ   Week 6/preSNF: Reading simulation...
✔   Week 6/preSNF: ✓ 178 simulation records
ℹ   Week 6/preSundayGames: Reading simulation...
✔   Week 6/preSundayGames: ✓ 178 simulation records
ℹ   Week 7/final: Reading simulation...
✔   Week 7/final: ✓ 201 simulation records
ℹ   Week 7/posSNF: Reading simulation...
✔   Week 7/posSNF: ✓ 201 simulation records
ℹ   Week 7/posSunday1stRound: Reading simulation...
✔   Week 7/posSunday1stRound: ✓ 202 simulation records
ℹ   Week 7/posTNF: Reading simulation...
✔   Week 7/posTNF: ✓ 200 simulation records
ℹ   Week 7/posWaivers: Reading simulation...
✔   Week 7/posWaivers: ✓ 195 simulation records
ℹ   Week 7/preSNF: Reading simulation...
✔   Week 7/preSNF: ✓ 201 simulation records
ℹ   Week 7/preTNF: Reading simulation...
✔   Week 7/preTNF: ✓ 197 simulation records
ℹ   Week 8/final: Reading simulation...
✔   Week 8/final: ✓ 200 simulation records
ℹ   Week 8/posTNF: Reading simulation...
✔   Week 8/posTNF: ✓ 200 simulation records
ℹ   Week 8/posWaivers: Reading simulation...
✔   Week 8/posWaivers: ✓ 199 simulation records
ℹ   Week 8/preMNF: Reading simulation...
✔   Week 8/preMNF: ✓ 200 simulation records
ℹ   Week 8/preSNF: Reading simulation...
✔   Week 8/preSNF: ✓ 200 simulation records
ℹ   Week 8/preTNF: Reading simulation...
✔   Week 8/preTNF: ✓ 200 simulation records
ℹ   Week 8/preWaivers: Reading simulation...
✔   Week 8/preWaivers: ✓ 195 simulation records
ℹ   Week 9/final: Reading simulation...
✔   Week 9/final: ✓ 196 simulation records
ℹ   Week 9/posSunday1stGames: Reading simulation...
✔   Week 9/posSunday1stGames: ✓ 196 simulation records
ℹ   Week 9/posTNF: Reading simulation...
✔   Week 9/posTNF: ✓ 200 simulation records
ℹ   Week 9/posWaiver: Reading simulation...
✔   Week 9/posWaiver: ✓ 200 simulation records
ℹ   Week 9/preMNF: Reading simulation...
✔   Week 9/preMNF: ✓ 196 simulation records
ℹ   Week 9/preSNF: Reading simulation...
✔   Week 9/preSNF: ✓ 196 simulation records
ℹ   Week 9/preTNF: Reading simulation...
✔   Week 9/preTNF: ✓ 200 simulation records
ℹ   Week 9/preWaiver: Reading simulation...
✔   Week 9/preWaiver: ✓ 194 simulation records
── Extracting Matchups ─────────────────────────────────────────────────────────
── Extracting Rosters ──────────────────────────────────────────────────────────
── Extracting Season Data ──────────────────────────────────────────────────────
! Season file not found: season_scrap.rds
! Season file not found: season_projtable.rds
! Season file not found: season_player_proj_sites.rds
── Extracting Draft Data ───────────────────────────────────────────────────────
! Draft file not found: draft_picks.rds
! Draft file not found: draft_pick_projections.rds
! Draft file not found: draft_teams_projections.rds
! Draft file not found: draft_recap_data.rds
! Draft file not found: draft_recap_rank.rds
✔ Saved extraction.rds (34.8M)
ℹ [DEBUG] Checkpoint saved: extraction
✔ Extraction phase complete!
✔ Extract phase completed in 384.2s
── PHASE 2: TRANSFORMATION ─────────────────────────────────────────────────────
── PHASE 2: TRANSFORMATION ─────────────────────────────────────────────────────
── Transforming to ffa_db ──────────────────────────────────────────────────────
ℹ [DEBUG] Creating ffa_scrape...

❌ Pipeline failed with error:
Must use existing variables.
Error details:
<error/rlang_error>
Error in `distinct()`:
! Must use existing variables.
✖ `season` not found in `.data`.
✖ `week` not found in `.data`.
✖ `timestamp` not found in `.data`.
✖ `source_file` not found in `.data`.
---
Backtrace:
     ▆
  1. ├─base::tryCatch(...)
  2. │ └─base (local) tryCatchList(expr, classes, parentenv, handlers)
  3. │   └─base (local) tryCatchOne(expr, names, parentenv, handlers[[1L]])
  4. │     └─base (local) doTryCatch(return(expr), name, parentenv, handler)
  5. └─global main(season, test_mode)
  6.   └─transform_module$transform_all(extracted_data, config)
  7.     └─global transform_to_ffa_db(extracted_data, config)
  8.       ├─dplyr::arrange(...)
  9.       ├─dplyr::mutate(...)
 10.       ├─dplyr::distinct(...)
 11.       ├─dplyr::bind_rows(...)
 12.       │ └─rlang::list2(...)
 13.       ├─dplyr::distinct(projections, season, week, timestamp, source_file)
 14.       └─dplyr:::distinct.data.frame(projections, season, week, timestamp, source_file)

Traceback:
[[1]]
tryCatch({
    main(season, test_mode)
}, error = function(e) {
    cat("\n")
    cat("❌ Pipeline failed with error:\n")
    cat(glue("   {e$message}\n"))
    cat("\n")
    cat("Error details:\n")
    print(e)
    cat("\n")
    cat("Traceback:\n")
    print(sys.calls())
    cat("\n")
    quit(status = 1)
})

[[2]]
tryCatchList(expr, classes, parentenv, handlers)

[[3]]
tryCatchOne(expr, names, parentenv, handlers[[1L]])

[[4]]
value[[3L]](cond)


