── Attaching core tidyverse packages ──────────────────────── tidyverse 2.0.0 ──
✔ dplyr     1.1.4     ✔ readr     2.1.6
✔ forcats   1.0.0     ✔ stringr   1.6.0
✔ ggplot2   4.0.1     ✔ tibble    3.3.0
✔ lubridate 1.9.4     ✔ tidyr     1.3.1
✔ purrr     1.2.0     
── Conflicts ────────────────────────────────────────── tidyverse_conflicts() ──
✖ dplyr::filter() masks stats::filter()
✖ dplyr::lag()    masks stats::lag()
ℹ Use the conflicted package (<http://conflicted.r-lib.org/>) to force all conflicts to become errors

Anexando pacote: ‘dm’

O seguinte objeto é mascarado por ‘package:stats’:

    filter


Anexando pacote: ‘rlang’

Os seguintes objetos são mascarados por ‘package:purrr’:

    flatten, flatten_chr, flatten_dbl, flatten_int, flatten_lgl,
    flatten_raw, invoke, splice


╔═══════════════════════════════════════════════════════╗
║          ETL Pipeline v2 - DudesData                  ║
╚═══════════════════════════════════════════════════════╝

Season: 2019Mode: PRODUCTION (weeks 1-17)
── ETL PIPELINE v2 - DUDES → APP ───────────────────────────────────────────────
ℹ Running in PRODUCTION MODE (weeks 1-17, strict validation)
Creating target directory: ./etl/2019/
── PHASE 1: EXTRACTION ─────────────────────────────────────────────────────────
── PHASE 1: EXTRACTION ─────────────────────────────────────────────────────────
── Extracting Weekly Scrapes ───────────────────────────────────────────────────
ℹ Processing 17 week(s): 1, 2, 3, 4, 5, 6, 7, 8, 9, 10, 11, 12, 13, 14, 15, 16, 17
ℹ   Week 1: Reading scrapes...
✔   Week 1: ✓ 4407 scrape records
ℹ   Week 2: Reading scrapes...
✔   Week 2: ✓ 4366 scrape records
ℹ   Week 3: Reading scrapes...
✔   Week 3: ✓ 4427 scrape records
ℹ   Week 4: Reading scrapes...
✔   Week 4: ✓ 4311 scrape records
ℹ   Week 5: Reading scrapes...
✔   Week 5: ✓ 4312 scrape records
ℹ   Week 6: Reading scrapes...
✔   Week 6: ✓ 4091 scrape records
ℹ   Week 7: Reading scrapes...
✔   Week 7: ✓ 4217 scrape records
ℹ   Week 8: Reading scrapes...
✔   Week 8: ✓ 4275 scrape records
ℹ   Week 9: Reading scrapes...
✔   Week 9: ✓ 4169 scrape records
ℹ   Week 10: Reading scrapes...
✔   Week 10: ✓ 4056 scrape records
ℹ   Week 11: Reading scrapes...
✔   Week 11: ✓ 4216 scrape records
ℹ   Week 12: Reading scrapes...
✔   Week 12: ✓ 4197 scrape records
ℹ   Week 13: Reading scrapes...
✔   Week 13: ✓ 4547 scrape records
ℹ   Week 14: Reading scrapes...
✔   Week 14: ✓ 4524 scrape records
ℹ   Week 15: Reading scrapes...
✔   Week 15: ✓ 4516 scrape records
ℹ   Week 16: Reading scrapes...
✔   Week 16: ✓ 4513 scrape records
!   Week 17: File not found - skipping
── Extracting Weekly Projections ───────────────────────────────────────────────
ℹ Processing 17 week(s): 1, 2, 3, 4, 5, 6, 7, 8, 9, 10, 11, 12, 13, 14, 15, 16, 17
!   Week 1: Projections file not found - skipping
!   Week 2: Projections file not found - skipping
!   Week 3: Projections file not found - skipping
!   Week 4: Projections file not found - skipping
!   Week 5: Projections file not found - skipping
!   Week 6: Projections file not found - skipping
!   Week 7: Projections file not found - skipping
!   Week 8: Projections file not found - skipping
!   Week 9: Projections file not found - skipping
!   Week 10: Projections file not found - skipping
!   Week 11: Projections file not found - skipping
!   Week 12: Projections file not found - skipping
!   Week 13: Projections file not found - skipping
!   Week 14: Projections file not found - skipping
!   Week 15: Projections file not found - skipping
!   Week 16: Projections file not found - skipping
!   Week 17: Projections file not found - skipping
── Extracting Weekly Projection Tables ─────────────────────────────────────────
ℹ Processing 17 week(s): 1, 2, 3, 4, 5, 6, 7, 8, 9, 10, 11, 12, 13, 14, 15, 16, 17
!   Week 1: Projection table not found - skipping
!   Week 2: Projection table not found - skipping
!   Week 3: Projection table not found - skipping
!   Week 4: Projection table not found - skipping
!   Week 5: Projection table not found - skipping
!   Week 6: Projection table not found - skipping
!   Week 7: Projection table not found - skipping
!   Week 8: Projection table not found - skipping
!   Week 9: Projection table not found - skipping
!   Week 10: Projection table not found - skipping
!   Week 11: Projection table not found - skipping
!   Week 12: Projection table not found - skipping
!   Week 13: Projection table not found - skipping
!   Week 14: Projection table not found - skipping
!   Week 15: Projection table not found - skipping
!   Week 16: Projection table not found - skipping
!   Week 17: Projection table not found - skipping
── Extracting Player Points ────────────────────────────────────────────────────
ℹ Reading players_points.rds...

❌ Pipeline failed with error:

Error details:
<error/vctrs_error_subscript_oob>
Error in `select()`:
! Can't select columns that don't exist.
✖ Column `playerId` doesn't exist.
---
Backtrace:
     ▆
  1. ├─base::tryCatch(...)
  2. │ └─base (local) tryCatchList(expr, classes, parentenv, handlers)
  3. │   └─base (local) tryCatchOne(expr, names, parentenv, handlers[[1L]])
  4. │     └─base (local) doTryCatch(return(expr), name, parentenv, handler)
  5. └─global main(season, test_mode)
  6.   └─extract_module$extract_all(config)
  7.     └─global extract_player_points(source_dir, config)
  8.       ├─dplyr::rename(...)
  9.       ├─dplyr::mutate(select(players, playerId, week, weekPts), season = config$season)
 10.       ├─dplyr::select(players, playerId, week, weekPts)
 11.       └─dplyr:::select.data.frame(players, playerId, week, weekPts)

Traceback:
[[1]]
tryCatch({
    main(season, test_mode)
}, error = function(e) {
    cat("\n")
    cat("❌ Pipeline failed with error:\n")
    cat(glue("   {e$message}\n"))
    cat("\n")
    cat("Error details:\n")
    print(e)
    cat("\n")
    cat("Traceback:\n")
    print(sys.calls())
    cat("\n")
    quit(status = 1)
})

[[2]]
tryCatchList(expr, classes, parentenv, handlers)

[[3]]
tryCatchOne(expr, names, parentenv, handlers[[1L]])

[[4]]
value[[3L]](cond)


