── Attaching core tidyverse packages ──────────────────────── tidyverse 2.0.0 ──
✔ dplyr     1.1.4     ✔ readr     2.1.6
✔ forcats   1.0.0     ✔ stringr   1.6.0
✔ ggplot2   4.0.1     ✔ tibble    3.3.0
✔ lubridate 1.9.4     ✔ tidyr     1.3.1
✔ purrr     1.2.0     
── Conflicts ────────────────────────────────────────── tidyverse_conflicts() ──
✖ dplyr::filter() masks stats::filter()
✖ dplyr::lag()    masks stats::lag()
ℹ Use the conflicted package (<http://conflicted.r-lib.org/>) to force all conflicts to become errors

Anexando pacote: ‘dm’

O seguinte objeto é mascarado por ‘package:stats’:

    filter


Anexando pacote: ‘rlang’

Os seguintes objetos são mascarados por ‘package:purrr’:

    flatten, flatten_chr, flatten_dbl, flatten_int, flatten_lgl,
    flatten_raw, invoke, splice


╔═══════════════════════════════════════════════════════╗
║          ETL Pipeline v2 - DudesData                  ║
╚═══════════════════════════════════════════════════════╝

Season: 2021Mode: PRODUCTION (weeks 1-17)
── ETL PIPELINE v2 - DUDES → APP ───────────────────────────────────────────────
ℹ Running in PRODUCTION MODE (weeks 1-17, strict validation)
Creating target directory: ./etl/2021/
── PHASE 1: EXTRACTION ─────────────────────────────────────────────────────────
── PHASE 1: EXTRACTION ─────────────────────────────────────────────────────────
── Extracting Weekly Scrapes ───────────────────────────────────────────────────
ℹ Processing 17 week(s): 1, 2, 3, 4, 5, 6, 7, 8, 9, 10, 11, 12, 13, 14, 15, 16, 17
ℹ   Week 1: Reading scrapes...
New names:
• `...38` -> `...39`
• `...46` -> `...47`
• `...54` -> `...55`
New names:
• `...39` -> `...40`
• `...50` -> `...51`
• `...57` -> `...58`
New names:
• `...39` -> `...40`
• `...48` -> `...49`
• `...55` -> `...56`
✔   Week 1: ✓ 3761 scrape records
ℹ   Week 2: Reading scrapes...
New names:
• `...34` -> `...35`
• `...42` -> `...43`
• `...50` -> `...51`
New names:
• `...34` -> `...35`
• `...45` -> `...46`
• `...52` -> `...53`
New names:
• `...34` -> `...35`
• `...43` -> `...44`
• `...50` -> `...51`
✔   Week 2: ✓ 3354 scrape records
ℹ   Week 3: Reading scrapes...
New names:
• `...38` -> `...39`
• `...46` -> `...47`
• `...54` -> `...55`
New names:
• `...39` -> `...40`
• `...50` -> `...51`
• `...57` -> `...58`
New names:
• `...39` -> `...40`
• `...48` -> `...49`
• `...55` -> `...56`
✔   Week 3: ✓ 3718 scrape records
ℹ   Week 4: Reading scrapes...
New names:
• `...38` -> `...39`
• `...46` -> `...47`
• `...54` -> `...55`
New names:
• `...39` -> `...40`
• `...50` -> `...51`
• `...57` -> `...58`
New names:
• `...39` -> `...40`
• `...48` -> `...49`
• `...55` -> `...56`
✔   Week 4: ✓ 3711 scrape records
ℹ   Week 5: Reading scrapes...
New names:
• `...38` -> `...41`
• `...46` -> `...49`
• `...54` -> `...57`
New names:
• `...39` -> `...40`
• `...50` -> `...51`
• `...57` -> `...58`
New names:
• `...39` -> `...40`
• `...48` -> `...49`
• `...55` -> `...56`
✔   Week 5: ✓ 3661 scrape records
ℹ   Week 6: Reading scrapes...
New names:
• `...38` -> `...39`
• `...46` -> `...47`
• `...54` -> `...55`
New names:
• `...39` -> `...40`
• `...50` -> `...51`
• `...57` -> `...58`
New names:
• `...39` -> `...40`
• `...48` -> `...49`
• `...55` -> `...56`
✔   Week 6: ✓ 3303 scrape records
ℹ   Week 7: Reading scrapes...
New names:
• `...38` -> `...39`
• `...46` -> `...47`
• `...54` -> `...55`
New names:
• `...39` -> `...40`
• `...50` -> `...51`
• `...57` -> `...58`
✔   Week 7: ✓ 3182 scrape records
ℹ   Week 8: Reading scrapes...
New names:
• `...38` -> `...41`
• `...46` -> `...49`
• `...54` -> `...57`
New names:
• `...39` -> `...40`
• `...50` -> `...51`
• `...57` -> `...58`
New names:
• `...39` -> `...40`
• `...48` -> `...49`
• `...55` -> `...56`
✔   Week 8: ✓ 3513 scrape records
ℹ   Week 9: Reading scrapes...
New names:
• `...38` -> `...39`
• `...46` -> `...47`
• `...54` -> `...55`
New names:
• `...39` -> `...40`
• `...50` -> `...51`
• `...57` -> `...58`
New names:
• `...39` -> `...40`
• `...48` -> `...49`
• `...55` -> `...56`
✔   Week 9: ✓ 3357 scrape records
ℹ   Week 10: Reading scrapes...
New names:
• `...38` -> `...39`
• `...46` -> `...47`
• `...54` -> `...55`
New names:
• `...39` -> `...40`
• `...50` -> `...51`
• `...57` -> `...58`
New names:
• `...39` -> `...40`
• `...48` -> `...49`
• `...55` -> `...56`
✔   Week 10: ✓ 3388 scrape records
ℹ   Week 11: Reading scrapes...
New names:
• `...36` -> `...37`
• `...44` -> `...45`
• `...52` -> `...53`
New names:
• `...37` -> `...38`
• `...48` -> `...49`
• `...55` -> `...56`
New names:
• `...37` -> `...38`
• `...46` -> `...47`
• `...53` -> `...54`
✔   Week 11: ✓ 3172 scrape records
ℹ   Week 12: Reading scrapes...
New names:
• `...38` -> `...39`
• `...46` -> `...47`
• `...54` -> `...55`
New names:
• `...39` -> `...40`
• `...50` -> `...51`
• `...57` -> `...58`
✔   Week 12: ✓ 3466 scrape records
ℹ   Week 13: Reading scrapes...
New names:
• `...38` -> `...39`
• `...46` -> `...47`
• `...54` -> `...55`
New names:
• `...39` -> `...40`
• `...50` -> `...51`
• `...57` -> `...58`
New names:
• `...39` -> `...40`
• `...48` -> `...49`
• `...55` -> `...56`
✔   Week 13: ✓ 3364 scrape records
ℹ   Week 14: Reading scrapes...
New names:
• `...38` -> `...39`
• `...46` -> `...47`
• `...54` -> `...55`
New names:
• `...39` -> `...40`
• `...50` -> `...51`
• `...57` -> `...58`
New names:
• `...39` -> `...40`
• `...48` -> `...49`
• `...55` -> `...56`
✔   Week 14: ✓ 3314 scrape records
ℹ   Week 15: Reading scrapes...
New names:
• `...38` -> `...39`
• `...46` -> `...47`
• `...54` -> `...55`
New names:
• `...39` -> `...40`
• `...50` -> `...51`
• `...57` -> `...58`
New names:
• `...39` -> `...40`
• `...48` -> `...49`
• `...55` -> `...56`
✔   Week 15: ✓ 3675 scrape records
ℹ   Week 16: Reading scrapes...
New names:
• `...38` -> `...39`
• `...46` -> `...47`
• `...54` -> `...55`
New names:
• `...39` -> `...40`
• `...50` -> `...51`
• `...57` -> `...58`
New names:
• `...39` -> `...40`
• `...48` -> `...49`
• `...55` -> `...56`
✔   Week 16: ✓ 3653 scrape records
ℹ   Week 17: Reading scrapes...
New names:
• `...38` -> `...39`
• `...46` -> `...47`
• `...54` -> `...55`
New names:
• `...39` -> `...40`
• `...50` -> `...51`
• `...57` -> `...58`
New names:
• `...39` -> `...40`
• `...48` -> `...49`
• `...55` -> `...56`
✔   Week 17: ✓ 3493 scrape records
New names:
• `...39` -> `...40`
• `...47` -> `...48`
• `...55` -> `...56`
• `...40` -> `...72`
• `...51` -> `...83`
• `...58` -> `...84`
• `...49` -> `...92`
• `...56` -> `...93`
• `...38` -> `...94`
• `...54` -> `...95`
• `...42` -> `...128`
New names:
• `...35` -> `...36`
• `...43` -> `...44`
• `...51` -> `...52`
• `...46` -> `...78`
• `...53` -> `...79`
• `...44` -> `...87`
• `...34` -> `...88`
• `...50` -> `...89`
• `...40` -> `...103`
• `...36` -> `...113`
New names:
• `...39` -> `...40`
• `...47` -> `...48`
• `...55` -> `...56`
• `...40` -> `...72`
• `...51` -> `...83`
• `...58` -> `...84`
• `...49` -> `...92`
• `...56` -> `...93`
• `...38` -> `...94`
• `...54` -> `...95`
• `...42` -> `...128`
New names:
• `...39` -> `...40`
• `...47` -> `...48`
• `...55` -> `...56`
• `...40` -> `...72`
• `...51` -> `...83`
• `...58` -> `...84`
• `...49` -> `...92`
• `...56` -> `...93`
• `...38` -> `...94`
• `...54` -> `...95`
• `...42` -> `...128`
New names:
• `...41` -> `...42`
• `...49` -> `...50`
• `...57` -> `...58`
• `...40` -> `...74`
• `...51` -> `...85`
• `...58` -> `...86`
• `...56` -> `...94`
• `...38` -> `...95`
• `...47` -> `...96`
• `...54` -> `...97`
• `...42` -> `...130`
New names:
• `...39` -> `...40`
• `...47` -> `...48`
• `...55` -> `...56`
• `...40` -> `...74`
• `...51` -> `...85`
• `...58` -> `...86`
• `...49` -> `...94`
• `...56` -> `...95`
• `...38` -> `...96`
• `...54` -> `...97`
• `...42` -> `...130`
New names:
• `...39` -> `...40`
• `...47` -> `...48`
• `...55` -> `...56`
• `...40` -> `...74`
• `...51` -> `...85`
• `...58` -> `...86`
• `...48` -> `...94`
• `...38` -> `...95`
• `...54` -> `...96`
• `...42` -> `...129`
New names:
• `...41` -> `...42`
• `...49` -> `...50`
• `...57` -> `...58`
• `...40` -> `...74`
• `...51` -> `...85`
• `...58` -> `...86`
• `...56` -> `...94`
• `...38` -> `...95`
• `...47` -> `...96`
• `...54` -> `...97`
• `...42` -> `...130`
New names:
• `...39` -> `...40`
• `...47` -> `...48`
• `...55` -> `...56`
• `...40` -> `...74`
• `...51` -> `...85`
• `...58` -> `...86`
• `...49` -> `...94`
• `...56` -> `...95`
• `...38` -> `...96`
• `...54` -> `...97`
• `...42` -> `...130`
New names:
• `...39` -> `...40`
• `...47` -> `...48`
• `...55` -> `...56`
• `...40` -> `...74`
• `...51` -> `...85`
• `...58` -> `...86`
• `...49` -> `...94`
• `...56` -> `...95`
• `...38` -> `...96`
• `...54` -> `...97`
• `...42` -> `...130`
New names:
• `...37` -> `...38`
• `...45` -> `...46`
• `...53` -> `...54`
• `...38` -> `...72`
• `...49` -> `...83`
• `...56` -> `...84`
• `...47` -> `...92`
• `...54` -> `...93`
• `...36` -> `...94`
• `...52` -> `...95`
• `...42` -> `...128`
New names:
• `...39` -> `...40`
• `...47` -> `...48`
• `...55` -> `...56`
• `...40` -> `...74`
• `...51` -> `...85`
• `...58` -> `...86`
• `...48` -> `...94`
• `...38` -> `...95`
• `...54` -> `...96`
• `...42` -> `...129`
New names:
• `...39` -> `...40`
• `...47` -> `...48`
• `...55` -> `...56`
• `...40` -> `...74`
• `...51` -> `...85`
• `...58` -> `...86`
• `...49` -> `...94`
• `...56` -> `...95`
• `...38` -> `...96`
• `...54` -> `...97`
• `...42` -> `...130`
New names:
• `...39` -> `...40`
• `...47` -> `...48`
• `...55` -> `...56`
• `...40` -> `...74`
• `...51` -> `...85`
• `...58` -> `...86`
• `...49` -> `...94`
• `...56` -> `...95`
• `...38` -> `...96`
• `...54` -> `...97`
• `...42` -> `...130`
New names:
• `...39` -> `...40`
• `...47` -> `...48`
• `...55` -> `...56`
• `...40` -> `...74`
• `...51` -> `...85`
• `...58` -> `...86`
• `...49` -> `...94`
• `...56` -> `...95`
• `...38` -> `...96`
• `...54` -> `...97`
• `...42` -> `...130`
New names:
• `...39` -> `...40`
• `...47` -> `...48`
• `...55` -> `...56`
• `...40` -> `...74`
• `...51` -> `...85`
• `...58` -> `...86`
• `...49` -> `...94`
• `...56` -> `...95`
• `...38` -> `...96`
• `...54` -> `...97`
• `...42` -> `...130`
New names:
• `...39` -> `...40`
• `...47` -> `...48`
• `...55` -> `...56`
• `...40` -> `...74`
• `...51` -> `...85`
• `...58` -> `...86`
• `...49` -> `...94`
• `...56` -> `...95`
• `...38` -> `...96`
• `...54` -> `...97`
• `...42` -> `...130`

❌ Pipeline failed with error:
Can't combine `..1$...94` <character> and `..5$...94` <double>.
Error details:
<error/vctrs_error_ptype2>
Error in `dplyr::bind_rows()`:
! Can't combine `..1$...94` <character> and `..5$...94` <double>.
---
Backtrace:
    ▆
 1. ├─base::tryCatch(...)
 2. │ └─base (local) tryCatchList(expr, classes, parentenv, handlers)
 3. │   └─base (local) tryCatchOne(expr, names, parentenv, handlers[[1L]])
 4. │     └─base (local) doTryCatch(return(expr), name, parentenv, handler)
 5. └─global main(season, test_mode)
 6.   └─extract_module$extract_all(config)
 7.     └─global extract_weekly_scrapes(source_dir, weeks, config)
 8.       └─purrr::map_dfr(...)
 9.         └─dplyr::bind_rows(res, .id = .id)

Traceback:
[[1]]
tryCatch({
    main(season, test_mode)
}, error = function(e) {
    cat("\n")
    cat("❌ Pipeline failed with error:\n")
    cat(glue("   {e$message}\n"))
    cat("\n")
    cat("Error details:\n")
    print(e)
    cat("\n")
    cat("Traceback:\n")
    print(sys.calls())
    cat("\n")
    quit(status = 1)
})

[[2]]
tryCatchList(expr, classes, parentenv, handlers)

[[3]]
tryCatchOne(expr, names, parentenv, handlers[[1L]])

[[4]]
value[[3L]](cond)


