── Attaching core tidyverse packages ──────────────────────── tidyverse 2.0.0 ──
✔ dplyr     1.1.4     ✔ readr     2.1.6
✔ forcats   1.0.0     ✔ stringr   1.6.0
✔ ggplot2   4.0.1     ✔ tibble    3.3.0
✔ lubridate 1.9.4     ✔ tidyr     1.3.1
✔ purrr     1.2.0     
── Conflicts ────────────────────────────────────────── tidyverse_conflicts() ──
✖ dplyr::filter() masks stats::filter()
✖ dplyr::lag()    masks stats::lag()
ℹ Use the conflicted package (<http://conflicted.r-lib.org/>) to force all conflicts to become errors

Anexando pacote: ‘dm’

O seguinte objeto é mascarado por ‘package:stats’:

    filter


Anexando pacote: ‘rlang’

Os seguintes objetos são mascarados por ‘package:purrr’:

    flatten, flatten_chr, flatten_dbl, flatten_int, flatten_lgl,
    flatten_raw, invoke, splice


╔═══════════════════════════════════════════════════════╗
║          ETL Pipeline v2 - DudesData                  ║
╚═══════════════════════════════════════════════════════╝

Season: 2023Mode: PRODUCTION (weeks 1-17)
── ETL PIPELINE v2 - DUDES → APP ───────────────────────────────────────────────
ℹ Running in PRODUCTION MODE (weeks 1-17, strict validation)
Creating target directory: ./etl/2023/
── PHASE 1: EXTRACTION ─────────────────────────────────────────────────────────
── PHASE 1: EXTRACTION ─────────────────────────────────────────────────────────
── Extracting Weekly Scrapes ───────────────────────────────────────────────────
ℹ Processing 17 week(s): 1, 2, 3, 4, 5, 6, 7, 8, 9, 10, 11, 12, 13, 14, 15, 16, 17
ℹ   Week 1: Reading scrapes...
✔   Week 1: ✓ 3447 scrape records
ℹ   Week 2: Reading scrapes...
✔   Week 2: ✓ 3391 scrape records
ℹ   Week 3: Reading scrapes...
✔   Week 3: ✓ 3395 scrape records
ℹ   Week 4: Reading scrapes...
✔   Week 4: ✓ 3365 scrape records
ℹ   Week 5: Reading scrapes...
✔   Week 5: ✓ 2705 scrape records
ℹ   Week 6: Reading scrapes...
✔   Week 6: ✓ 2779 scrape records
ℹ   Week 7: Reading scrapes...
✔   Week 7: ✓ 2141 scrape records
ℹ   Week 8: Reading scrapes...
✔   Week 8: ✓ 2934 scrape records
ℹ   Week 9: Reading scrapes...
✔   Week 9: ✓ 2988 scrape records
ℹ   Week 10: Reading scrapes...
✔   Week 10: ✓ 2991 scrape records
ℹ   Week 11: Reading scrapes...
✔   Week 11: ✓ 3004 scrape records
ℹ   Week 12: Reading scrapes...
✔   Week 12: ✓ 3323 scrape records
ℹ   Week 13: Reading scrapes...
✔   Week 13: ✓ 2841 scrape records
ℹ   Week 14: Reading scrapes...
✔   Week 14: ✓ 3157 scrape records
ℹ   Week 15: Reading scrapes...
✔   Week 15: ✓ 3319 scrape records
ℹ   Week 16: Reading scrapes...
✔   Week 16: ✓ 3303 scrape records
ℹ   Week 17: Reading scrapes...
✔   Week 17: ✓ 3335 scrape records
── Extracting Weekly Projections ───────────────────────────────────────────────
ℹ Processing 17 week(s): 1, 2, 3, 4, 5, 6, 7, 8, 9, 10, 11, 12, 13, 14, 15, 16, 17
ℹ   Week 1: Reading projections...
✔   Week 1: ✓ 3432 projection records
ℹ   Week 2: Reading projections...
✔   Week 2: ✓ 3318 projection records
ℹ   Week 3: Reading projections...
✔   Week 3: ✓ 3311 projection records
ℹ   Week 4: Reading projections...
✔   Week 4: ✓ 3283 projection records
ℹ   Week 5: Reading projections...
✔   Week 5: ✓ 2697 projection records
ℹ   Week 6: Reading projections...
✔   Week 6: ✓ 2772 projection records
ℹ   Week 7: Reading projections...
✔   Week 7: ✓ 2134 projection records
ℹ   Week 8: Reading projections...
✔   Week 8: ✓ 2881 projection records
ℹ   Week 9: Reading projections...
✔   Week 9: ✓ 2873 projection records
ℹ   Week 10: Reading projections...
✔   Week 10: ✓ 2868 projection records
ℹ   Week 11: Reading projections...
✔   Week 11: ✓ 2886 projection records
ℹ   Week 12: Reading projections...
✔   Week 12: ✓ 3249 projection records
ℹ   Week 13: Reading projections...
✔   Week 13: ✓ 2697 projection records
ℹ   Week 14: Reading projections...
✔   Week 14: ✓ 3047 projection records
ℹ   Week 15: Reading projections...
✔   Week 15: ✓ 3237 projection records
ℹ   Week 16: Reading projections...
✔   Week 16: ✓ 3202 projection records
ℹ   Week 17: Reading projections...
✔   Week 17: ✓ 3151 projection records
── Extracting Weekly Projection Tables ─────────────────────────────────────────
ℹ Processing 17 week(s): 1, 2, 3, 4, 5, 6, 7, 8, 9, 10, 11, 12, 13, 14, 15, 16, 17
ℹ   Week 1: Reading projection table...
✔   Week 1: ✓ 684 projection table records
ℹ   Week 2: Reading projection table...
✔   Week 2: ✓ 579 projection table records
ℹ   Week 3: Reading projection table...
✔   Week 3: ✓ 575 projection table records
ℹ   Week 4: Reading projection table...
✔   Week 4: ✓ 551 projection table records
ℹ   Week 5: Reading projection table...
✔   Week 5: ✓ 502 projection table records
ℹ   Week 6: Reading projection table...
✔   Week 6: ✓ 520 projection table records
ℹ   Week 7: Reading projection table...
✔   Week 7: ✓ 449 projection table records
ℹ   Week 8: Reading projection table...
✔   Week 8: ✓ 538 projection table records
ℹ   Week 9: Reading projection table...
✔   Week 9: ✓ 478 projection table records
ℹ   Week 10: Reading projection table...
✔   Week 10: ✓ 487 projection table records
ℹ   Week 11: Reading projection table...
✔   Week 11: ✓ 501 projection table records
ℹ   Week 12: Reading projection table...
✔   Week 12: ✓ 562 projection table records
ℹ   Week 13: Reading projection table...
✔   Week 13: ✓ 455 projection table records
ℹ   Week 14: Reading projection table...
✔   Week 14: ✓ 522 projection table records
ℹ   Week 15: Reading projection table...
✔   Week 15: ✓ 562 projection table records
ℹ   Week 16: Reading projection table...
✔   Week 16: ✓ 559 projection table records
ℹ   Week 17: Reading projection table...
✔   Week 17: ✓ 562 projection table records
── Extracting Player Points ────────────────────────────────────────────────────
ℹ Reading players_points.rds...
ℹ Extracted 13974 player point records
ℹ Extracted 537472 detailed stat records
ℹ Extracted 13974 advanced stat records
── Extracting Simulations ──────────────────────────────────────────────────────
ℹ Found 123 simulation file(s) for weeks 1, 2, 3, 4, 5, 6, 7, 8, 9, 10, 11, 12, 13, 14, 15, 16, 17
ℹ   Week 10/final: Reading simulation...
✔   Week 10/final: ✓ 176 simulation records
ℹ   Week 10/posTNF: Reading simulation...
✔   Week 10/posTNF: ✓ 184 simulation records
ℹ   Week 10/posWaivers: Reading simulation...
✔   Week 10/posWaivers: ✓ 211 simulation records
ℹ   Week 10/preGermanGame: Reading simulation...
✔   Week 10/preGermanGame: ✓ 176 simulation records
ℹ   Week 10/preMNF: Reading simulation...
✔   Week 10/preMNF: ✓ 176 simulation records
ℹ   Week 10/preSundayGames: Reading simulation...
✔   Week 10/preSundayGames: ✓ 176 simulation records
ℹ   Week 10/preTNF: Reading simulation...
✔   Week 10/preTNF: ✓ 181 simulation records
ℹ   Week 10/preWaivers: Reading simulation...
✔   Week 10/preWaivers: ✓ 213 simulation records
ℹ   Week 11/final: Reading simulation...
✔   Week 11/final: ✓ 184 simulation records
ℹ   Week 11/posTNF: Reading simulation...
✔   Week 11/posTNF: ✓ 186 simulation records
ℹ   Week 11/posWaivers: Reading simulation...
✔   Week 11/posWaivers: ✓ 186 simulation records
ℹ   Week 11/preMNF: Reading simulation...
✔   Week 11/preMNF: ✓ 184 simulation records
ℹ   Week 11/preSNF: Reading simulation...
✔   Week 11/preSNF: ✓ 184 simulation records
ℹ   Week 11/preSundayGames: Reading simulation...
✔   Week 11/preSundayGames: ✓ 184 simulation records
ℹ   Week 11/preTNF: Reading simulation...
✔   Week 11/preTNF: ✓ 186 simulation records
ℹ   Week 11/preWaivers: Reading simulation...
✔   Week 11/preWaivers: ✓ 185 simulation records
ℹ   Week 12/final: Reading simulation...
✔   Week 12/final: ✓ 207 simulation records
ℹ   Week 12/posTNF: Reading simulation...
✔   Week 12/posTNF: ✓ 207 simulation records
ℹ   Week 12/posThanksGiving: Reading simulation...
✔   Week 12/posThanksGiving: ✓ 207 simulation records
ℹ   Week 12/posWaivers: Reading simulation...
✔   Week 12/posWaivers: ✓ 207 simulation records
ℹ   Week 12/preMNF: Reading simulation...
✔   Week 12/preMNF: ✓ 207 simulation records
ℹ   Week 12/preWaivers: Reading simulation...
✔   Week 12/preWaivers: ✓ 212 simulation records
ℹ   Week 13/final: Reading simulation...
✔   Week 13/final: ✓ 170 simulation records
ℹ   Week 13/posWaivers: Reading simulation...
✔   Week 13/posWaivers: ✓ 174 simulation records
ℹ   Week 13/preMNF: Reading simulation...
✔   Week 13/preMNF: ✓ 170 simulation records
ℹ   Week 13/preSundayGames: Reading simulation...
✔   Week 13/preSundayGames: ✓ 170 simulation records
ℹ   Week 13/preWaivers: Reading simulation...
✔   Week 13/preWaivers: ✓ 171 simulation records
ℹ   Week 14/final: Reading simulation...
✔   Week 14/final: ✓ 193 simulation records
ℹ   Week 14/posTNF: Reading simulation...
✔   Week 14/posTNF: ✓ 196 simulation records
ℹ   Week 14/posWaivers: Reading simulation...
✔   Week 14/posWaivers: ✓ 200 simulation records
ℹ   Week 14/preMNF: Reading simulation...
✔   Week 14/preMNF: ✓ 193 simulation records
ℹ   Week 14/preSNF: Reading simulation...
✔   Week 14/preSNF: ✓ 193 simulation records
ℹ   Week 14/preSundayGames: Reading simulation...
✔   Week 14/preSundayGames: ✓ 193 simulation records
ℹ   Week 14/preTNF: Reading simulation...
✔   Week 14/preTNF: ✓ 196 simulation records
ℹ   Week 14/preWaivers: Reading simulation...
✔   Week 14/preWaivers: ✓ 199 simulation records
ℹ   Week 15/final: Reading simulation...
✔   Week 15/final: ✓ 202 simulation records
ℹ   Week 15/posTNF: Reading simulation...
✔   Week 15/posTNF: ✓ 209 simulation records
ℹ   Week 15/posWaivers: Reading simulation...
✔   Week 15/posWaivers: ✓ 212 simulation records
ℹ   Week 15/preMNF: Reading simulation...
✔   Week 15/preMNF: ✓ 202 simulation records
ℹ   Week 15/preSaturday: Reading simulation...
✔   Week 15/preSaturday: ✓ 202 simulation records
ℹ   Week 15/preSunday: Reading simulation...
✔   Week 15/preSunday: ✓ 202 simulation records
ℹ   Week 15/preTNF: Reading simulation...
✔   Week 15/preTNF: ✓ 209 simulation records
ℹ   Week 15/preWaivers: Reading simulation...
✔   Week 15/preWaivers: ✓ 212 simulation records
ℹ   Week 16/final: Reading simulation...
✔   Week 16/final: ✓ 207 simulation records
ℹ   Week 16/posTNF: Reading simulation...
✔   Week 16/posTNF: ✓ 214 simulation records
ℹ   Week 16/posWaivers: Reading simulation...
✔   Week 16/posWaivers: ✓ 207 simulation records
ℹ   Week 16/preMonday: Reading simulation...
✔   Week 16/preMonday: ✓ 207 simulation records
ℹ   Week 16/preSunday: Reading simulation...
✔   Week 16/preSunday: ✓ 207 simulation records
ℹ   Week 16/preTNF: Reading simulation...
✔   Week 16/preTNF: ✓ 214 simulation records
ℹ   Week 16/preWaivers: Reading simulation...
✔   Week 16/preWaivers: ✓ 214 simulation records
ℹ   Week 17/final: Reading simulation...
✔   Week 17/final: ✓ 206 simulation records
ℹ   Week 17/posTNF: Reading simulation...
✔   Week 17/posTNF: ✓ 212 simulation records
ℹ   Week 17/posWaivers: Reading simulation...
✔   Week 17/posWaivers: ✓ 213 simulation records
ℹ   Week 17/preSunday: Reading simulation...
✔   Week 17/preSunday: ✓ 206 simulation records
ℹ   Week 17/preTNF: Reading simulation...
✔   Week 17/preTNF: ✓ 212 simulation records
ℹ   Week 17/preWaivers: Reading simulation...
✔   Week 17/preWaivers: ✓ 213 simulation records
ℹ   Week 1/final: Reading simulation...
✔   Week 1/final: ✓ 208 simulation records
ℹ   Week 1/posSunday1stGames: Reading simulation...
✔   Week 1/posSunday1stGames: ✓ 207 simulation records
ℹ   Week 1/posTNF: Reading simulation...
✔   Week 1/posTNF: ✓ 207 simulation records
ℹ   Week 1/preMNF: Reading simulation...
✔   Week 1/preMNF: ✓ 207 simulation records
ℹ   Week 1/preSNF: Reading simulation...
✔   Week 1/preSNF: ✓ 207 simulation records
ℹ   Week 1/preSundayGames: Reading simulation...
✔   Week 1/preSundayGames: ✓ 207 simulation records
ℹ   Week 1/preTNF: Reading simulation...
✔   Week 1/preTNF: ✓ 207 simulation records
ℹ   Week 2/final: Reading simulation...
✔   Week 2/final: ✓ 196 simulation records
ℹ   Week 2/posTNF: Reading simulation...
✔   Week 2/posTNF: ✓ 201 simulation records
ℹ   Week 2/posWaivers: Reading simulation...
✔   Week 2/posWaivers: ✓ 202 simulation records
ℹ   Week 2/preMNF: Reading simulation...
✔   Week 2/preMNF: ✓ 196 simulation records
ℹ   Week 2/preSNF: Reading simulation...
✔   Week 2/preSNF: ✓ 196 simulation records
ℹ   Week 2/preSundayGames: Reading simulation...
✔   Week 2/preSundayGames: ✓ 196 simulation records
ℹ   Week 2/preTNF: Reading simulation...
✔   Week 2/preTNF: ✓ 201 simulation records
ℹ   Week 2/preWaivers: Reading simulation...
✔   Week 2/preWaivers: ✓ 207 simulation records
ℹ   Week 3/final: Reading simulation...
✔   Week 3/final: ✓ 193 simulation records
ℹ   Week 3/posTNF: Reading simulation...
✔   Week 3/posTNF: ✓ 202 simulation records
ℹ   Week 3/posWaivers: Reading simulation...
✔   Week 3/posWaivers: ✓ 201 simulation records
ℹ   Week 3/preMNF: Reading simulation...
✔   Week 3/preMNF: ✓ 193 simulation records
ℹ   Week 3/preSNF: Reading simulation...
✔   Week 3/preSNF: ✓ 193 simulation records
ℹ   Week 3/preSundayGames: Reading simulation...
✔   Week 3/preSundayGames: ✓ 193 simulation records
ℹ   Week 3/preTNF: Reading simulation...
✔   Week 3/preTNF: ✓ 202 simulation records
ℹ   Week 3/preWaivers: Reading simulation...
✔   Week 3/preWaivers: ✓ 201 simulation records
ℹ   Week 4/final: Reading simulation...
✔   Week 4/final: ✓ 200 simulation records
ℹ   Week 4/posTNF: Reading simulation...
✔   Week 4/posTNF: ✓ 201 simulation records
ℹ   Week 4/posWaivers: Reading simulation...
✔   Week 4/posWaivers: ✓ 202 simulation records
ℹ   Week 4/preLondonGame: Reading simulation...
✔   Week 4/preLondonGame: ✓ 199 simulation records
ℹ   Week 4/preMNF: Reading simulation...
✔   Week 4/preMNF: ✓ 200 simulation records
ℹ   Week 4/preSNF: Reading simulation...
✔   Week 4/preSNF: ✓ 200 simulation records
ℹ   Week 4/preTNF: Reading simulation...
✔   Week 4/preTNF: ✓ 201 simulation records
ℹ   Week 4/preWaivers: Reading simulation...
✔   Week 4/preWaivers: ✓ 201 simulation records
ℹ   Week 5/final: Reading simulation...
✔   Week 5/final: ✓ 182 simulation records
ℹ   Week 5/posTNF: Reading simulation...
✔   Week 5/posTNF: ✓ 184 simulation records
ℹ   Week 5/posWaivers: Reading simulation...
✔   Week 5/posWaivers: ✓ 183 simulation records
ℹ   Week 5/preMNF: Reading simulation...
✔   Week 5/preMNF: ✓ 182 simulation records
ℹ   Week 5/preWaivers: Reading simulation...
✔   Week 5/preWaivers: ✓ 181 simulation records
ℹ   Week 6/final: Reading simulation...
✔   Week 6/final: ✓ 190 simulation records
ℹ   Week 6/posTNF: Reading simulation...
✔   Week 6/posTNF: ✓ 191 simulation records
ℹ   Week 6/posWaivers: Reading simulation...
✔   Week 6/posWaivers: ✓ 192 simulation records
ℹ   Week 6/preLondonGame: Reading simulation...
✔   Week 6/preLondonGame: ✓ 189 simulation records
ℹ   Week 6/preMNF: Reading simulation...
✔   Week 6/preMNF: ✓ 190 simulation records
ℹ   Week 6/preSundayGames: Reading simulation...
✔   Week 6/preSundayGames: ✓ 189 simulation records
ℹ   Week 6/preTNF: Reading simulation...
✔   Week 6/preTNF: ✓ 190 simulation records
ℹ   Week 7/final: Reading simulation...
✔   Week 7/final: ✓ 170 simulation records
ℹ   Week 7/posTNF: Reading simulation...
✔   Week 7/posTNF: ✓ 174 simulation records
ℹ   Week 7/posWaivers: Reading simulation...
✔   Week 7/posWaivers: ✓ 177 simulation records
ℹ   Week 7/preMNF: Reading simulation...
✔   Week 7/preMNF: ✓ 170 simulation records
ℹ   Week 7/preSNF: Reading simulation...
✔   Week 7/preSNF: ✓ 170 simulation records
ℹ   Week 7/preSundayGames: Reading simulation...
✔   Week 7/preSundayGames: ✓ 170 simulation records
ℹ   Week 7/preTNF: Reading simulation...
✔   Week 7/preTNF: ✓ 174 simulation records
ℹ   Week 7/preWaivers: Reading simulation...
✔   Week 7/preWaivers: ✓ 176 simulation records
ℹ   Week 8/final: Reading simulation...
✔   Week 8/final: ✓ 197 simulation records
ℹ   Week 8/posTNF: Reading simulation...
✔   Week 8/posTNF: ✓ 200 simulation records
ℹ   Week 8/posWaivers: Reading simulation...
✔   Week 8/posWaivers: ✓ 202 simulation records
ℹ   Week 8/preMNF: Reading simulation...
✔   Week 8/preMNF: ✓ 197 simulation records
ℹ   Week 8/preSNF: Reading simulation...
✔   Week 8/preSNF: ✓ 197 simulation records
ℹ   Week 8/preSundayGames: Reading simulation...
✔   Week 8/preSundayGames: ✓ 197 simulation records
ℹ   Week 8/preTNF: Reading simulation...
✔   Week 8/preTNF: ✓ 201 simulation records
ℹ   Week 8/preWaivers: Reading simulation...
✔   Week 8/preWaivers: ✓ 201 simulation records
ℹ   Week 9/final: Reading simulation...
✔   Week 9/final: ✓ 180 simulation records
ℹ   Week 9/posTNF: Reading simulation...
✔   Week 9/posTNF: ✓ 180 simulation records
ℹ   Week 9/posWaivers: Reading simulation...
✔   Week 9/posWaivers: ✓ 202 simulation records
ℹ   Week 9/preGermanGame: Reading simulation...
✔   Week 9/preGermanGame: ✓ 180 simulation records
ℹ   Week 9/preMNF: Reading simulation...
✔   Week 9/preMNF: ✓ 180 simulation records
ℹ   Week 9/preSundayGames: Reading simulation...
✔   Week 9/preSundayGames: ✓ 180 simulation records
ℹ   Week 9/preTNF: Reading simulation...
✔   Week 9/preTNF: ✓ 177 simulation records
ℹ   Week 9/preWaivers: Reading simulation...
✔   Week 9/preWaivers: ✓ 200 simulation records
── Extracting Matchups ─────────────────────────────────────────────────────────
── Extracting Rosters ──────────────────────────────────────────────────────────
── Extracting Season Data ──────────────────────────────────────────────────────
ℹ [DEBUG] Reading season_scrap.rds...
! Season file not found: season_projtable.rds
! Season file not found: season_player_proj_sites.rds
── Extracting Draft Data ───────────────────────────────────────────────────────
ℹ [DEBUG] Reading draft_picks.rds...
! Draft file not found: draft_pick_projections.rds
! Draft file not found: draft_teams_projections.rds
ℹ [DEBUG] Reading draft_recap_data.rds...
ℹ [DEBUG] Reading draft_recap_rank.rds...
✔ Saved extraction.rds (214M)
ℹ [DEBUG] Checkpoint saved: extraction
✔ Extraction phase complete!
✔ Extract phase completed in 499.6s
── PHASE 2: TRANSFORMATION ─────────────────────────────────────────────────────
── PHASE 2: TRANSFORMATION ─────────────────────────────────────────────────────
── Transforming to ffa_db ──────────────────────────────────────────────────────
ℹ [DEBUG] Creating ffa_scrape...
ℹ ffa_scrape: 34 records
ℹ [DEBUG] Creating ffa_player_ids...
ℹ Loaded 5395 player ID mappings from master file
ℹ ffa_player_ids: 808 records, 795 with real nfl_id (98.4% coverage)
ℹ [DEBUG] Creating ffa_players...
ℹ ffa_players: 892 records, 859 with first_name (96.3%)
ℹ ffa_players: 892 records
ℹ [DEBUG] Creating ffa_proj_source_points...
ℹ ffa_proj_source_points: 51038 records
ℹ [DEBUG] Creating ffa_projtable...
ℹ [DEBUG] Extracting projected stats from scrapes...
ℹ ffa_projtable: 27480 records
ℹ [DEBUG]   Stats coverage: pass_att=10368, rush_yds=24237, rec_tgt=20145
ℹ Creating dm object for ffa_db...
✔ ffa_db created successfully
── Transforming to nfl_stats_db ────────────────────────────────────────────────
ℹ [DEBUG] Creating nfl_stat_dictionary...
ℹ nfl_stat_dictionary: 77 records
ℹ [DEBUG] Creating nfl_players_points...
ℹ nfl_players_points: 13974 records
ℹ [DEBUG] Creating nfl_players_stats...
ℹ nfl_players_stats: 537472 records
ℹ [DEBUG] Creating nfl_players_adv_stats...
ℹ nfl_players_adv_stats: 13974 records
ℹ Creating dm object for nfl_stats_db...
✔ nfl_stats_db created successfully
── Transforming to dudes_simulation_db ─────────────────────────────────────────
ℹ [DEBUG] Creating dudes_players_seeds...
ℹ dudes_players_seeds: 23941 records
ℹ [DEBUG] Creating dudes_players_simulations...
ℹ dudes_players_simulations: 23941 records
ℹ dudes_players_simulations: 23941 records
ℹ Creating dm object for dudes_simulation_db...
✔ dudes_simulation_db created successfully
── Transforming to nfl_teams_db ────────────────────────────────────────────────
ℹ nfl_teams: 14 records
ℹ nfl_owners: 14 records
✔ nfl_teams_db created successfully
── Transforming to nfl_players_db ──────────────────────────────────────────────
ℹ Processing 123 simulation files for player data
ℹ nfl_players: 1053 records
ℹ nfl_player_injury_status: 17805 records
ℹ Creating dm object for nfl_players_db...
✔ nfl_players_db created successfully
── Transforming to nfl_round_db ────────────────────────────────────────────────
ℹ Processing 123 simulation files for round data
ℹ matchups_games: 121 records
ℹ nfl_teams_round: 238 records
ℹ nfl_teams_rosters: 4672 records
ℹ nfl_teams_week_stats: 238 records
ℹ nfl_teams_season_stats: 4046 records
ℹ Creating dm object for nfl_round_db...
✔ nfl_round_db created successfully
── Transforming to nfl_recap_db ────────────────────────────────────────────────
! WARNING: Recap narratives require external API calls (not available in dudes/ files)
ℹ Creating empty nfl_recap_db structure
ℹ nfl_recap: 0 records (requires API integration)
✔ nfl_recap_db created successfully (empty)
✔ Saved transformation.rds (170M)
ℹ [DEBUG] Checkpoint saved: transformation
✔ Transformation phase complete!
✔ Transform phase completed in 329.2s
── PHASE 3: LOADING ────────────────────────────────────────────────────────────
── PHASE 3: LOADING ────────────────────────────────────────────────────────────
── Loading ffa_db ──────────────────────────────────────────────────────────────
ℹ Validating ffa_db...
ℹ [DEBUG]   Checking constraints...
!   Constraint check failed: In argument: `!ok`.
ℹ [DEBUG]   Full error: ℹ In argument: `!ok`.
Caused by error:
! objeto 'ok' não encontrado
ℹ [DEBUG]   Checking cardinalities...
✖   Cardinality check failed: In argument: `all_many_to_many`.
ℹ [DEBUG]   Checking record counts...
ℹ [DEBUG]   Record counts: ffa_scrape=34, ffa_player_ids=808, ffa_players=892, ffa_projtable=27480, ffa_proj_source_points=51038
✔ Saved ffa_db.rds (625K)
✔ ffa_db: 5 tables, 80252 total rows, 625K
── Loading nfl_stats_db ────────────────────────────────────────────────────────
ℹ Validating nfl_stats_db...
ℹ [DEBUG]   Checking constraints...
!   Constraint check failed: In argument: `!ok`.
ℹ [DEBUG]   Full error: ℹ In argument: `!ok`.
Caused by error:
! objeto 'ok' não encontrado
ℹ [DEBUG]   Checking cardinalities...
✖   Cardinality check failed: In argument: `all_many_to_many`.
ℹ [DEBUG]   Checking record counts...
ℹ [DEBUG]   Record counts: nfl_stat_dictionary=77, nfl_players_points=13974, nfl_players_stats=537472, nfl_players_adv_stats=13974
✔ Saved nfl_stats_db.rds (110K)
✔ nfl_stats_db: 4 tables, 565497 total rows, 110K
── Loading dudes_simulation_db ─────────────────────────────────────────────────
ℹ Validating dudes_simulation_db...
ℹ [DEBUG]   Checking constraints...
!   Constraint check failed: In argument: `!ok`.
ℹ [DEBUG]   Full error: ℹ In argument: `!ok`.
Caused by error:
! objeto 'ok' não encontrado
ℹ [DEBUG]   Checking cardinalities...
✖   Cardinality check failed: In argument: `all_many_to_many`.
ℹ [DEBUG]   Checking record counts...
ℹ [DEBUG]   Record counts: dudes_players_seeds=23941, dudes_players_simulations=23941
✔ Saved dudes_simulation_db.rds (170M)
✔ dudes_simulation_db: 2 tables, 47882 total rows, 170M
── Loading nfl_teams_db ────────────────────────────────────────────────────────
ℹ Validating nfl_teams_db...
ℹ [DEBUG]   Checking constraints...
!   Constraint check failed: In argument: `!ok`.
ℹ [DEBUG]   Full error: ℹ In argument: `!ok`.
Caused by error:
! objeto 'ok' não encontrado
ℹ [DEBUG]   Checking cardinalities...
✖   Cardinality check failed: In argument: `all_many_to_many`.
ℹ [DEBUG]   Checking record counts...
ℹ [DEBUG]   Record counts: nfl_teams=14, nfl_owners=14
✔ Saved nfl_teams_db.rds (1.38K)
✔ nfl_teams_db: 2 tables, 28 total rows, 1.38K
── Loading nfl_players_db ──────────────────────────────────────────────────────
ℹ Validating nfl_players_db...
ℹ [DEBUG]   Checking constraints...
!   Constraint check failed: In argument: `!ok`.
ℹ [DEBUG]   Full error: ℹ In argument: `!ok`.
Caused by error:
! objeto 'ok' não encontrado
ℹ [DEBUG]   Checking cardinalities...
✖   Cardinality check failed: In argument: `all_many_to_many`.
ℹ [DEBUG]   Checking record counts...
ℹ [DEBUG]   Record counts: nfl_players=1053, nfl_player_injury_status=17805
✔ Saved nfl_players_db.rds (64.3K)
✔ nfl_players_db: 2 tables, 18858 total rows, 64.3K
── Loading nfl_round_db ────────────────────────────────────────────────────────
ℹ Validating nfl_round_db...
ℹ [DEBUG]   Checking constraints...
!   Constraint check failed: In argument: `!ok`.
ℹ [DEBUG]   Full error: ℹ In argument: `!ok`.
Caused by error:
! objeto 'ok' não encontrado
ℹ [DEBUG]   Checking cardinalities...
✖   Cardinality check failed: In argument: `all_many_to_many`.
ℹ [DEBUG]   Checking record counts...
ℹ [DEBUG]   Record counts: nfl_teams_round=238, nfl_teams_rosters=4672, nfl_teams_week_stats=238, nfl_teams_season_stats=4046, matchups_games=121
✔ Saved nfl_round_db.rds (15.9K)
✔ nfl_round_db: 5 tables, 9315 total rows, 15.9K
── Loading nfl_recap_db ────────────────────────────────────────────────────────
ℹ Validating nfl_recap_db...
ℹ [DEBUG]   Checking constraints...
!   Constraint check failed: In argument: `!ok`.
ℹ [DEBUG]   Full error: ℹ In argument: `!ok`.
Caused by error:
! objeto 'ok' não encontrado
ℹ [DEBUG]   Checking cardinalities...
✖   Cardinality check failed: In argument: `all_many_to_many`.
ℹ [DEBUG]   Checking record counts...
ℹ [DEBUG]   Record counts: nfl_recap=0
✔ Saved nfl_recap_db.rds (648)
✔ nfl_recap_db: 1 tables, 0 total rows, 648
✔ All 7 databases loaded successfully!
✔ Saved loading.rds (184)
ℹ [DEBUG] Checkpoint saved: loading
✔ Load phase completed in 133.7s
── PHASE 4: SUMMARY ────────────────────────────────────────────────────────────
── Generating Summary Report ───────────────────────────────────────────────────
✔ Summary report saved to ./etl/2023/ETL_SUMMARY.md
ℹ Summary report: ./etl/2023/ETL_SUMMARY.md
✔ Total pipeline time: 962.5s

╔═══════════════════════════════════════════════════════╗
║   ✅ Pipeline completed successfully!                ║
╚═══════════════════════════════════════════════════════╝

Output: ./etl/2023/Databases: 7
