── Attaching core tidyverse packages ──────────────────────── tidyverse 2.0.0 ──
✔ dplyr     1.1.4     ✔ readr     2.1.6
✔ forcats   1.0.0     ✔ stringr   1.6.0
✔ ggplot2   4.0.1     ✔ tibble    3.3.0
✔ lubridate 1.9.4     ✔ tidyr     1.3.1
✔ purrr     1.2.0     
── Conflicts ────────────────────────────────────────── tidyverse_conflicts() ──
✖ dplyr::filter() masks stats::filter()
✖ dplyr::lag()    masks stats::lag()
ℹ Use the conflicted package (<http://conflicted.r-lib.org/>) to force all conflicts to become errors

Anexando pacote: ‘dm’

O seguinte objeto é mascarado por ‘package:stats’:

    filter


Anexando pacote: ‘rlang’

Os seguintes objetos são mascarados por ‘package:purrr’:

    flatten, flatten_chr, flatten_dbl, flatten_int, flatten_lgl,
    flatten_raw, invoke, splice


╔═══════════════════════════════════════════════════════╗
║          ETL Pipeline v2 - DudesData                  ║
╚═══════════════════════════════════════════════════════╝

Season: 2024Mode: PRODUCTION (weeks 1-17)
── ETL PIPELINE v2 - DUDES → APP ───────────────────────────────────────────────
ℹ Running in PRODUCTION MODE (weeks 1-17, strict validation)
Creating target directory: ./etl/2024/
── PHASE 1: EXTRACTION ─────────────────────────────────────────────────────────
── PHASE 1: EXTRACTION ─────────────────────────────────────────────────────────
── Extracting Weekly Scrapes ───────────────────────────────────────────────────
ℹ Processing 17 week(s): 1, 2, 3, 4, 5, 6, 7, 8, 9, 10, 11, 12, 13, 14, 15, 16, 17
ℹ   Week 1: Reading scrapes...
✔   Week 1: ✓ 3113 scrape records
ℹ   Week 2: Reading scrapes...
✔   Week 2: ✓ 2962 scrape records
ℹ   Week 3: Reading scrapes...
✔   Week 3: ✓ 2934 scrape records
ℹ   Week 4: Reading scrapes...
✔   Week 4: ✓ 2972 scrape records
ℹ   Week 5: Reading scrapes...
✔   Week 5: ✓ 2686 scrape records
ℹ   Week 6: Reading scrapes...
✔   Week 6: ✓ 2675 scrape records
ℹ   Week 7: Reading scrapes...
✔   Week 7: ✓ 2904 scrape records
ℹ   Week 8: Reading scrapes...
✔   Week 8: ✓ 3005 scrape records
ℹ   Week 9: Reading scrapes...
✔   Week 9: ✓ 2875 scrape records
ℹ   Week 10: Reading scrapes...
✔   Week 10: ✓ 2681 scrape records
ℹ   Week 11: Reading scrapes...
✔   Week 11: ✓ 2671 scrape records
ℹ   Week 12: Reading scrapes...
✔   Week 12: ✓ 2663 scrape records
ℹ   Week 13: Reading scrapes...
✔   Week 13: ✓ 3055 scrape records
ℹ   Week 14: Reading scrapes...
✔   Week 14: ✓ 2629 scrape records
ℹ   Week 15: Reading scrapes...
✔   Week 15: ✓ 3028 scrape records
ℹ   Week 16: Reading scrapes...
✔   Week 16: ✓ 2999 scrape records
ℹ   Week 17: Reading scrapes...
✔   Week 17: ✓ 3017 scrape records
── Extracting Weekly Projections ───────────────────────────────────────────────
ℹ Processing 17 week(s): 1, 2, 3, 4, 5, 6, 7, 8, 9, 10, 11, 12, 13, 14, 15, 16, 17
ℹ   Week 1: Reading projections...
✔   Week 1: ✓ 3063 projection records
ℹ   Week 2: Reading projections...
✔   Week 2: ✓ 2878 projection records
ℹ   Week 3: Reading projections...
✔   Week 3: ✓ 2841 projection records
ℹ   Week 4: Reading projections...
✔   Week 4: ✓ 2889 projection records
ℹ   Week 5: Reading projections...
✔   Week 5: ✓ 2565 projection records
ℹ   Week 6: Reading projections...
✔   Week 6: ✓ 2536 projection records
ℹ   Week 7: Reading projections...
✔   Week 7: ✓ 2797 projection records
ℹ   Week 8: Reading projections...
✔   Week 8: ✓ 2909 projection records
ℹ   Week 9: Reading projections...
✔   Week 9: ✓ 2761 projection records
ℹ   Week 10: Reading projections...
✔   Week 10: ✓ 2544 projection records
ℹ   Week 11: Reading projections...
✔   Week 11: ✓ 2546 projection records
ℹ   Week 12: Reading projections...
✔   Week 12: ✓ 2519 projection records
ℹ   Week 13: Reading projections...
✔   Week 13: ✓ 2963 projection records
ℹ   Week 14: Reading projections...
✔   Week 14: ✓ 2473 projection records
ℹ   Week 15: Reading projections...
✔   Week 15: ✓ 2923 projection records
ℹ   Week 16: Reading projections...
✔   Week 16: ✓ 2885 projection records
ℹ   Week 17: Reading projections...
✔   Week 17: ✓ 2842 projection records
── Extracting Weekly Projection Tables ─────────────────────────────────────────
ℹ Processing 17 week(s): 1, 2, 3, 4, 5, 6, 7, 8, 9, 10, 11, 12, 13, 14, 15, 16, 17
ℹ   Week 1: Reading projection table...
✔   Week 1: ✓ 574 projection table records
ℹ   Week 2: Reading projection table...
✔   Week 2: ✓ 536 projection table records
ℹ   Week 3: Reading projection table...
✔   Week 3: ✓ 527 projection table records
ℹ   Week 4: Reading projection table...
✔   Week 4: ✓ 536 projection table records
ℹ   Week 5: Reading projection table...
✔   Week 5: ✓ 473 projection table records
ℹ   Week 6: Reading projection table...
✔   Week 6: ✓ 466 projection table records
ℹ   Week 7: Reading projection table...
✔   Week 7: ✓ 510 projection table records
ℹ   Week 8: Reading projection table...
✔   Week 8: ✓ 534 projection table records
ℹ   Week 9: Reading projection table...
✔   Week 9: ✓ 508 projection table records
ℹ   Week 10: Reading projection table...
✔   Week 10: ✓ 548 projection table records
ℹ   Week 11: Reading projection table...
✔   Week 11: ✓ 531 projection table records
ℹ   Week 12: Reading projection table...
✔   Week 12: ✓ 451 projection table records
ℹ   Week 13: Reading projection table...
✔   Week 13: ✓ 544 projection table records
ℹ   Week 14: Reading projection table...
✔   Week 14: ✓ 451 projection table records
ℹ   Week 15: Reading projection table...
✔   Week 15: ✓ 552 projection table records
ℹ   Week 16: Reading projection table...
✔   Week 16: ✓ 530 projection table records
ℹ   Week 17: Reading projection table...
✔   Week 17: ✓ 549 projection table records
── Extracting Player Points ────────────────────────────────────────────────────
ℹ Reading players_points.rds...
ℹ Extracted 15045 player point records
ℹ Extracted 534463 detailed stat records
ℹ Extracted 15045 advanced stat records
── Extracting Simulations ──────────────────────────────────────────────────────
ℹ Found 96 simulation file(s) for weeks 1, 2, 3, 4, 5, 6, 7, 8, 9, 10, 11, 12, 13, 14, 15, 16, 17
ℹ   Week 10/final: Reading simulation...
✔   Week 10/final: ✓ 204 simulation records
ℹ   Week 10/posWaivers: Reading simulation...
✔   Week 10/posWaivers: ✓ 180 simulation records
ℹ   Week 10/preWaivers: Reading simulation...
✔   Week 10/preWaivers: ✓ 179 simulation records
ℹ   Week 11/final: Reading simulation...
✔   Week 11/final: ✓ 202 simulation records
ℹ   Week 12/final: Reading simulation...
✔   Week 12/final: ✓ 172 simulation records
ℹ   Week 12/posTNF: Reading simulation...
✔   Week 12/posTNF: ✓ 170 simulation records
ℹ   Week 13/final: Reading simulation...
✔   Week 13/final: ✓ 204 simulation records
ℹ   Week 13/posTNF: Reading simulation...
✔   Week 13/posTNF: ✓ 204 simulation records
ℹ   Week 13/preMNF: Reading simulation...
✔   Week 13/preMNF: ✓ 204 simulation records
ℹ   Week 13/preWaivers: Reading simulation...
✔   Week 13/preWaivers: ✓ 206 simulation records
ℹ   Week 14/final: Reading simulation...
✔   Week 14/final: ✓ 171 simulation records
ℹ   Week 14/posTNF: Reading simulation...
✔   Week 14/posTNF: ✓ 171 simulation records
ℹ   Week 14/preMNF: Reading simulation...
✔   Week 14/preMNF: ✓ 171 simulation records
ℹ   Week 14/preTNF: Reading simulation...
✔   Week 14/preTNF: ✓ 170 simulation records
ℹ   Week 14/preWaivers: Reading simulation...
✔   Week 14/preWaivers: ✓ 203 simulation records
ℹ   Week 15/final: Reading simulation...
✔   Week 15/final: ✓ 203 simulation records
ℹ   Week 15/posTNF: Reading simulation...
✔   Week 15/posTNF: ✓ 203 simulation records
ℹ   Week 15/posWaivers: Reading simulation...
✔   Week 15/posWaivers: ✓ 203 simulation records
ℹ   Week 15/preMNF: Reading simulation...
✔   Week 15/preMNF: ✓ 203 simulation records
ℹ   Week 15/preWaivers: Reading simulation...
✔   Week 15/preWaivers: ✓ 202 simulation records
ℹ   Week 16/final: Reading simulation...
✔   Week 16/final: ✓ 194 simulation records
ℹ   Week 16/posTNF: Reading simulation...
✔   Week 16/posTNF: ✓ 199 simulation records
ℹ   Week 16/preMNF: Reading simulation...
✔   Week 16/preMNF: ✓ 194 simulation records
ℹ   Week 16/preSundayGames: Reading simulation...
✔   Week 16/preSundayGames: ✓ 194 simulation records
ℹ   Week 16/preTNF: Reading simulation...
✔   Week 16/preTNF: ✓ 198 simulation records
ℹ   Week 16/preWaivers: Reading simulation...
✔   Week 16/preWaivers: ✓ 200 simulation records
ℹ   Week 17/final: Reading simulation...
✔   Week 17/final: ✓ 203 simulation records
ℹ   Week 17/posTNF: Reading simulation...
✔   Week 17/posTNF: ✓ 205 simulation records
ℹ   Week 17/preMNF: Reading simulation...
✔   Week 17/preMNF: ✓ 203 simulation records
ℹ   Week 17/preSundayGames: Reading simulation...
✔   Week 17/preSundayGames: ✓ 203 simulation records
ℹ   Week 17/preTNF: Reading simulation...
✔   Week 17/preTNF: ✓ 204 simulation records
ℹ   Week 17/preXMAS: Reading simulation...
✔   Week 17/preXMAS: ✓ 204 simulation records
ℹ   Week 1/final: Reading simulation...
✔   Week 1/final: ✓ 204 simulation records
ℹ   Week 1/posBrasilGame: Reading simulation...
✔   Week 1/posBrasilGame: ✓ 202 simulation records
ℹ   Week 1/preMNF: Reading simulation...
✔   Week 1/preMNF: ✓ 204 simulation records
ℹ   Week 1/preSundayGames: Reading simulation...
✔   Week 1/preSundayGames: ✓ 203 simulation records
ℹ   Week 1/preTNF: Reading simulation...
✔   Week 1/preTNF: ✓ 203 simulation records
ℹ   Week 2/final: Reading simulation...
✔   Week 2/final: ✓ 202 simulation records
ℹ   Week 2/posTNF: Reading simulation...
✔   Week 2/posTNF: ✓ 206 simulation records
ℹ   Week 2/posWaivers: Reading simulation...
✔   Week 2/posWaivers: ✓ 206 simulation records
ℹ   Week 2/preMNF: Reading simulation...
✔   Week 2/preMNF: ✓ 202 simulation records
ℹ   Week 2/preSundayGames: Reading simulation...
✔   Week 2/preSundayGames: ✓ 202 simulation records
ℹ   Week 2/preTNF: Reading simulation...
✔   Week 2/preTNF: ✓ 206 simulation records
ℹ   Week 2/preWaivers: Reading simulation...
✔   Week 2/preWaivers: ✓ 206 simulation records
ℹ   Week 3/final: Reading simulation...
✔   Week 3/final: ✓ 193 simulation records
ℹ   Week 3/posTNF: Reading simulation...
✔   Week 3/posTNF: ✓ 201 simulation records
ℹ   Week 3/posWaivers: Reading simulation...
✔   Week 3/posWaivers: ✓ 199 simulation records
ℹ   Week 3/preMNF: Reading simulation...
✔   Week 3/preMNF: ✓ 193 simulation records
ℹ   Week 3/preSNF: Reading simulation...
✔   Week 3/preSNF: ✓ 193 simulation records
ℹ   Week 3/preSundayGames: Reading simulation...
✔   Week 3/preSundayGames: ✓ 193 simulation records
ℹ   Week 3/preTNF: Reading simulation...
✔   Week 3/preTNF: ✓ 201 simulation records
ℹ   Week 3/preWaivers: Reading simulation...
✔   Week 3/preWaivers: ✓ 198 simulation records
ℹ   Week 4/final: Reading simulation...
✔   Week 4/final: ✓ 200 simulation records
ℹ   Week 4/posMNF: Reading simulation...
✔   Week 4/posMNF: ✓ 200 simulation records
ℹ   Week 4/posTNF: Reading simulation...
✔   Week 4/posTNF: ✓ 199 simulation records
ℹ   Week 4/posWaivers: Reading simulation...
✔   Week 4/posWaivers: ✓ 201 simulation records
ℹ   Week 4/preMNF: Reading simulation...
✔   Week 4/preMNF: ✓ 200 simulation records
ℹ   Week 4/preTNF: Reading simulation...
✔   Week 4/preTNF: ✓ 199 simulation records
ℹ   Week 4/preWaivers: Reading simulation...
✔   Week 4/preWaivers: ✓ 201 simulation records
ℹ   Week 5/final: Reading simulation...
✔   Week 5/final: ✓ 176 simulation records
ℹ   Week 5/posTNF: Reading simulation...
✔   Week 5/posTNF: ✓ 182 simulation records
ℹ   Week 5/posWaivers: Reading simulation...
✔   Week 5/posWaivers: ✓ 201 simulation records
ℹ   Week 5/preLondonGame: Reading simulation...
✔   Week 5/preLondonGame: ✓ 175 simulation records
ℹ   Week 5/preMNF: Reading simulation...
✔   Week 5/preMNF: ✓ 175 simulation records
ℹ   Week 5/preSNF: Reading simulation...
✔   Week 5/preSNF: ✓ 175 simulation records
ℹ   Week 5/preTNF: Reading simulation...
✔   Week 5/preTNF: ✓ 182 simulation records
ℹ   Week 5/preWaivers: Reading simulation...
✔   Week 5/preWaivers: ✓ 201 simulation records
ℹ   Week 6/final: Reading simulation...
✔   Week 6/final: ✓ 171 simulation records
ℹ   Week 6/posTNF: Reading simulation...
✔   Week 6/posTNF: ✓ 178 simulation records
ℹ   Week 6/posWaivers: Reading simulation...
✔   Week 6/posWaivers: ✓ 178 simulation records
ℹ   Week 6/preLondonGame: Reading simulation...
✔   Week 6/preLondonGame: ✓ 171 simulation records
ℹ   Week 6/preMNF: Reading simulation...
✔   Week 6/preMNF: ✓ 171 simulation records
ℹ   Week 6/preSNF: Reading simulation...
✔   Week 6/preSNF: ✓ 171 simulation records
ℹ   Week 6/preSundayGames: Reading simulation...
✔   Week 6/preSundayGames: ✓ 171 simulation records
ℹ   Week 6/preTNF: Reading simulation...
✔   Week 6/preTNF: ✓ 178 simulation records
ℹ   Week 6/preWaivers: Reading simulation...
✔   Week 6/preWaivers: ✓ 204 simulation records
ℹ   Week 7/final: Reading simulation...
✔   Week 7/final: ✓ 181 simulation records
ℹ   Week 7/posTNF: Reading simulation...
✔   Week 7/posTNF: ✓ 187 simulation records
ℹ   Week 7/posWaivers: Reading simulation...
✔   Week 7/posWaivers: ✓ 187 simulation records
ℹ   Week 7/preLondonGame: Reading simulation...
✔   Week 7/preLondonGame: ✓ 180 simulation records
ℹ   Week 7/preMNF: Reading simulation...
✔   Week 7/preMNF: ✓ 181 simulation records
ℹ   Week 7/preSundayGames: Reading simulation...
✔   Week 7/preSundayGames: ✓ 180 simulation records
ℹ   Week 7/preWaivers: Reading simulation...
✔   Week 7/preWaivers: ✓ 189 simulation records
ℹ   Week 8/final: Reading simulation...
✔   Week 8/final: ✓ 195 simulation records
ℹ   Week 8/posTNF: Reading simulation...
✔   Week 8/posTNF: ✓ 203 simulation records
ℹ   Week 8/posWaivers: Reading simulation...
✔   Week 8/posWaivers: ✓ 203 simulation records
ℹ   Week 8/preMNF: Reading simulation...
✔   Week 8/preMNF: ✓ 195 simulation records
ℹ   Week 8/preSNF: Reading simulation...
✔   Week 8/preSNF: ✓ 195 simulation records
ℹ   Week 8/preSundayGames: Reading simulation...
✔   Week 8/preSundayGames: ✓ 195 simulation records
ℹ   Week 8/preWaivers: Reading simulation...
✔   Week 8/preWaivers: ✓ 202 simulation records
ℹ   Week 9/final: Reading simulation...
✔   Week 9/final: ✓ 187 simulation records
ℹ   Week 9/posTNF: Reading simulation...
✔   Week 9/posTNF: ✓ 191 simulation records
ℹ   Week 9/posWaivers: Reading simulation...
✔   Week 9/posWaivers: ✓ 204 simulation records
ℹ   Week 9/preSundayGames: Reading simulation...
✔   Week 9/preSundayGames: ✓ 186 simulation records
ℹ   Week 9/preTNF: Reading simulation...
✔   Week 9/preTNF: ✓ 188 simulation records
ℹ   Week 9/preWaivers: Reading simulation...
✔   Week 9/preWaivers: ✓ 202 simulation records
── Extracting Matchups ─────────────────────────────────────────────────────────
── Extracting Rosters ──────────────────────────────────────────────────────────
── Extracting Season Data ──────────────────────────────────────────────────────
! Season file not found: season_scrap.rds
ℹ [DEBUG] Reading season_projtable.rds...
ℹ [DEBUG] Reading season_player_proj_sites.rds...
── Extracting Draft Data ───────────────────────────────────────────────────────
ℹ [DEBUG] Reading draft_picks.rds...
ℹ [DEBUG] Reading draft_pick_projections.rds...
ℹ [DEBUG] Reading draft_teams_projections.rds...
ℹ [DEBUG] Reading draft_recap_data.rds...
ℹ [DEBUG] Reading draft_recap_rank.rds...
✔ Saved extraction.rds (199M)
ℹ [DEBUG] Checkpoint saved: extraction
✔ Extraction phase complete!
✔ Extract phase completed in 481.7s
── PHASE 2: TRANSFORMATION ─────────────────────────────────────────────────────
── PHASE 2: TRANSFORMATION ─────────────────────────────────────────────────────
── Transforming to ffa_db ──────────────────────────────────────────────────────
ℹ [DEBUG] Creating ffa_scrape...
ℹ ffa_scrape: 34 records
ℹ [DEBUG] Creating ffa_player_ids...
ℹ Loaded 5395 player ID mappings from master file
ℹ ffa_player_ids: 723 records, 701 with real nfl_id (97% coverage)
ℹ [DEBUG] Creating ffa_players...
ℹ ffa_players: 801 records, 768 with first_name (95.9%)
ℹ ffa_players: 801 records
ℹ [DEBUG] Creating ffa_proj_source_points...
ℹ ffa_proj_source_points: 46934 records
ℹ [DEBUG] Creating ffa_projtable...
ℹ [DEBUG] Extracting projected stats from scrapes...
ℹ ffa_projtable: 26559 records
ℹ [DEBUG]   Stats coverage: pass_att=3531, rush_yds=23277, rec_tgt=19632
ℹ Creating dm object for ffa_db...
✔ ffa_db created successfully
── Transforming to nfl_stats_db ────────────────────────────────────────────────
ℹ [DEBUG] Creating nfl_stat_dictionary...
ℹ nfl_stat_dictionary: 79 records
ℹ [DEBUG] Creating nfl_players_points...
ℹ nfl_players_points: 15045 records
ℹ [DEBUG] Creating nfl_players_stats...
ℹ nfl_players_stats: 534463 records
ℹ [DEBUG] Creating nfl_players_adv_stats...
ℹ nfl_players_adv_stats: 15045 records
ℹ Creating dm object for nfl_stats_db...
✔ nfl_stats_db created successfully
── Transforming to dudes_simulation_db ─────────────────────────────────────────
ℹ [DEBUG] Creating dudes_players_seeds...
ℹ dudes_players_seeds: 18534 records
ℹ [DEBUG] Creating dudes_players_simulations...
ℹ dudes_players_simulations: 18534 records
ℹ dudes_players_simulations: 18534 records
ℹ Creating dm object for dudes_simulation_db...
✔ dudes_simulation_db created successfully
── Transforming to nfl_teams_db ────────────────────────────────────────────────
ℹ nfl_teams: 14 records
ℹ nfl_owners: 14 records
✔ nfl_teams_db created successfully
── Transforming to nfl_players_db ──────────────────────────────────────────────
ℹ Processing 96 simulation files for player data
ℹ nfl_players: 1110 records
ℹ nfl_player_injury_status: 18821 records
ℹ Creating dm object for nfl_players_db...
✔ nfl_players_db created successfully
── Transforming to nfl_round_db ────────────────────────────────────────────────
ℹ Processing 96 simulation files for round data
ℹ matchups_games: 121 records
ℹ nfl_teams_round: 238 records
ℹ nfl_teams_rosters: 4366 records
ℹ nfl_teams_week_stats: 238 records
ℹ nfl_teams_season_stats: 4046 records
ℹ Creating dm object for nfl_round_db...
✔ nfl_round_db created successfully
── Transforming to nfl_recap_db ────────────────────────────────────────────────
! WARNING: Recap narratives require external API calls (not available in dudes/ files)
ℹ Creating empty nfl_recap_db structure
ℹ nfl_recap: 0 records (requires API integration)
✔ nfl_recap_db created successfully (empty)
✔ Saved transformation.rds (158M)
ℹ [DEBUG] Checkpoint saved: transformation
✔ Transformation phase complete!
✔ Transform phase completed in 279.6s
── PHASE 3: LOADING ────────────────────────────────────────────────────────────
── PHASE 3: LOADING ────────────────────────────────────────────────────────────
── Loading ffa_db ──────────────────────────────────────────────────────────────
ℹ Validating ffa_db...
ℹ [DEBUG]   Checking constraints...
!   Constraint check failed: In argument: `!ok`.
ℹ [DEBUG]   Full error: ℹ In argument: `!ok`.
Caused by error:
! objeto 'ok' não encontrado
ℹ [DEBUG]   Checking cardinalities...
✖   Cardinality check failed: In argument: `all_many_to_many`.
ℹ [DEBUG]   Checking record counts...
ℹ [DEBUG]   Record counts: ffa_scrape=34, ffa_player_ids=723, ffa_players=801, ffa_projtable=26559, ffa_proj_source_points=46934
✔ Saved ffa_db.rds (577K)
✔ ffa_db: 5 tables, 75051 total rows, 577K
── Loading nfl_stats_db ────────────────────────────────────────────────────────
ℹ Validating nfl_stats_db...
ℹ [DEBUG]   Checking constraints...
!   Constraint check failed: In argument: `!ok`.
ℹ [DEBUG]   Full error: ℹ In argument: `!ok`.
Caused by error:
! objeto 'ok' não encontrado
ℹ [DEBUG]   Checking cardinalities...
✖   Cardinality check failed: In argument: `all_many_to_many`.
ℹ [DEBUG]   Checking record counts...
ℹ [DEBUG]   Record counts: nfl_stat_dictionary=79, nfl_players_points=15045, nfl_players_stats=534463, nfl_players_adv_stats=15045
✔ Saved nfl_stats_db.rds (110K)
✔ nfl_stats_db: 4 tables, 564632 total rows, 110K
── Loading dudes_simulation_db ─────────────────────────────────────────────────
ℹ Validating dudes_simulation_db...
ℹ [DEBUG]   Checking constraints...
!   Constraint check failed: In argument: `!ok`.
ℹ [DEBUG]   Full error: ℹ In argument: `!ok`.
Caused by error:
! objeto 'ok' não encontrado
ℹ [DEBUG]   Checking cardinalities...
✖   Cardinality check failed: In argument: `all_many_to_many`.
ℹ [DEBUG]   Checking record counts...
ℹ [DEBUG]   Record counts: dudes_players_seeds=18534, dudes_players_simulations=18534
✔ Saved dudes_simulation_db.rds (157M)
✔ dudes_simulation_db: 2 tables, 37068 total rows, 157M
── Loading nfl_teams_db ────────────────────────────────────────────────────────
ℹ Validating nfl_teams_db...
ℹ [DEBUG]   Checking constraints...
!   Constraint check failed: In argument: `!ok`.
ℹ [DEBUG]   Full error: ℹ In argument: `!ok`.
Caused by error:
! objeto 'ok' não encontrado
ℹ [DEBUG]   Checking cardinalities...
✖   Cardinality check failed: In argument: `all_many_to_many`.
ℹ [DEBUG]   Checking record counts...
ℹ [DEBUG]   Record counts: nfl_teams=14, nfl_owners=14
✔ Saved nfl_teams_db.rds (1.25K)
✔ nfl_teams_db: 2 tables, 28 total rows, 1.25K
── Loading nfl_players_db ──────────────────────────────────────────────────────
ℹ Validating nfl_players_db...
ℹ [DEBUG]   Checking constraints...
!   Constraint check failed: In argument: `!ok`.
ℹ [DEBUG]   Full error: ℹ In argument: `!ok`.
Caused by error:
! objeto 'ok' não encontrado
ℹ [DEBUG]   Checking cardinalities...
✖   Cardinality check failed: In argument: `all_many_to_many`.
ℹ [DEBUG]   Checking record counts...
ℹ [DEBUG]   Record counts: nfl_players=1110, nfl_player_injury_status=18821
✔ Saved nfl_players_db.rds (72K)
✔ nfl_players_db: 2 tables, 19931 total rows, 72K
── Loading nfl_round_db ────────────────────────────────────────────────────────
ℹ Validating nfl_round_db...
ℹ [DEBUG]   Checking constraints...
!   Constraint check failed: In argument: `!ok`.
ℹ [DEBUG]   Full error: ℹ In argument: `!ok`.
Caused by error:
! objeto 'ok' não encontrado
ℹ [DEBUG]   Checking cardinalities...
✖   Cardinality check failed: In argument: `all_many_to_many`.
ℹ [DEBUG]   Checking record counts...
ℹ [DEBUG]   Record counts: nfl_teams_round=238, nfl_teams_rosters=4366, nfl_teams_week_stats=238, nfl_teams_season_stats=4046, matchups_games=121
✔ Saved nfl_round_db.rds (15K)
✔ nfl_round_db: 5 tables, 9009 total rows, 15K
── Loading nfl_recap_db ────────────────────────────────────────────────────────
ℹ Validating nfl_recap_db...
ℹ [DEBUG]   Checking constraints...
!   Constraint check failed: In argument: `!ok`.
ℹ [DEBUG]   Full error: ℹ In argument: `!ok`.
Caused by error:
! objeto 'ok' não encontrado
ℹ [DEBUG]   Checking cardinalities...
✖   Cardinality check failed: In argument: `all_many_to_many`.
ℹ [DEBUG]   Checking record counts...
ℹ [DEBUG]   Record counts: nfl_recap=0
✔ Saved nfl_recap_db.rds (648)
✔ nfl_recap_db: 1 tables, 0 total rows, 648
✔ All 7 databases loaded successfully!
✔ Saved loading.rds (184)
ℹ [DEBUG] Checkpoint saved: loading
✔ Load phase completed in 119s
── PHASE 4: SUMMARY ────────────────────────────────────────────────────────────
── Generating Summary Report ───────────────────────────────────────────────────
✔ Summary report saved to ./etl/2024/ETL_SUMMARY.md
ℹ Summary report: ./etl/2024/ETL_SUMMARY.md
✔ Total pipeline time: 880.4s

╔═══════════════════════════════════════════════════════╗
║   ✅ Pipeline completed successfully!                ║
╚═══════════════════════════════════════════════════════╝

Output: ./etl/2024/Databases: 7
